Component: ARM Compiler 5.06 update 6 (build 750) Tool: armlink [4d35ed]

==============================================================================

Section Cross References

    main.o(i.assert_nrf_callback) refers to app_error_handler_keil.o(.emb_text) for app_error_handler
    main.o(i.ble_evt_handler) refers to nrf_log_frontend.o(i.nrf_log_frontend_std_0) for nrf_log_frontend_std_0
    main.o(i.ble_evt_handler) refers to bsp.o(i.bsp_indication_set) for bsp_indication_set
    main.o(i.ble_evt_handler) refers to app_error.o(i.app_error_handler_bare) for app_error_handler_bare
    main.o(i.ble_evt_handler) refers to nrf_ble_qwr.o(i.nrf_ble_qwr_conn_handle_assign) for nrf_ble_qwr_conn_handle_assign
    main.o(i.ble_evt_handler) refers to main.o(.data) for .data
    main.o(i.ble_evt_handler) refers to nrf_log_frontend.o(log_const_data) for m_nrf_log_app_logs_data_const
    main.o(i.ble_evt_handler) refers to main.o(.bss) for .bss
    main.o(i.bsp_event_handler) refers to ble_advertising.o(i.ble_advertising_start) for ble_advertising_start
    main.o(i.bsp_event_handler) refers to app_error.o(i.app_error_handler_bare) for app_error_handler_bare
    main.o(i.bsp_event_handler) refers to main.o(i.uart_init) for uart_init
    main.o(i.bsp_event_handler) refers to ble_advertising.o(i.ble_advertising_restart_without_whitelist) for ble_advertising_restart_without_whitelist
    main.o(i.bsp_event_handler) refers to main.o(.data) for .data
    main.o(i.bsp_event_handler) refers to main.o(.bss) for .bss
    main.o(i.conn_params_error_handler) refers to app_error.o(i.app_error_handler_bare) for app_error_handler_bare
    main.o(i.d_ble_rx_scheduler_event_handler) refers to strncmp.o(.text) for strncmp
    main.o(i.d_ble_rx_scheduler_event_handler) refers to nrf_log_frontend.o(i.nrf_log_frontend_std_0) for nrf_log_frontend_std_0
    main.o(i.d_ble_rx_scheduler_event_handler) refers to nrf_calendar.o(i.d_export_data) for d_export_data
    main.o(i.d_ble_rx_scheduler_event_handler) refers to nrf_calendar.o(i.nrf_cal_get_time_string) for nrf_cal_get_time_string
    main.o(i.d_ble_rx_scheduler_event_handler) refers to strcpy.o(.text) for strcpy
    main.o(i.d_ble_rx_scheduler_event_handler) refers to ble_nus.o(i.ble_nus_data_send) for ble_nus_data_send
    main.o(i.d_ble_rx_scheduler_event_handler) refers to app_error.o(i.app_error_handler_bare) for app_error_handler_bare
    main.o(i.d_ble_rx_scheduler_event_handler) refers to nrf_calendar.o(i.nrf_cal_set_time) for nrf_cal_set_time
    main.o(i.d_ble_rx_scheduler_event_handler) refers to nrf_calendar.o(i.d_nrf_cal_set_alarm) for d_nrf_cal_set_alarm
    main.o(i.d_ble_rx_scheduler_event_handler) refers to nrf_log_frontend.o(log_const_data) for m_nrf_log_app_logs_data_const
    main.o(i.d_ble_rx_scheduler_event_handler) refers to main.o(.bss) for .bss
    main.o(i.d_ble_rx_scheduler_event_handler) refers to main.o(.data) for .data
    main.o(i.gatt_evt_handler) refers to nrf_log_frontend.o(i.nrf_log_frontend_std_2) for nrf_log_frontend_std_2
    main.o(i.gatt_evt_handler) refers to main.o(.data) for .data
    main.o(i.gatt_evt_handler) refers to nrf_log_frontend.o(log_const_data) for m_nrf_log_app_logs_data_const
    main.o(i.gatt_init) refers to nrf_ble_gatt.o(i.nrf_ble_gatt_init) for nrf_ble_gatt_init
    main.o(i.gatt_init) refers to app_error.o(i.app_error_handler_bare) for app_error_handler_bare
    main.o(i.gatt_init) refers to nrf_ble_gatt.o(i.nrf_ble_gatt_att_mtu_periph_set) for nrf_ble_gatt_att_mtu_periph_set
    main.o(i.gatt_init) refers to main.o(i.gatt_evt_handler) for gatt_evt_handler
    main.o(i.gatt_init) refers to main.o(.bss) for .bss
    main.o(i.main) refers to main.o(i.uart_init) for uart_init
    main.o(i.main) refers to nrf_log_frontend.o(i.nrf_log_init) for nrf_log_init
    main.o(i.main) refers to app_error.o(i.app_error_handler_bare) for app_error_handler_bare
    main.o(i.main) refers to nrf_log_default_backends.o(i.nrf_log_default_backends_init) for nrf_log_default_backends_init
    main.o(i.main) refers to app_timer2.o(i.app_timer_init) for app_timer_init
    main.o(i.main) refers to bsp.o(i.bsp_init) for bsp_init
    main.o(i.main) refers to bsp_btn_ble.o(i.bsp_btn_ble_init) for bsp_btn_ble_init
    main.o(i.main) refers to d_fds.o(i.d_fds_init) for d_fds_init
    main.o(i.main) refers to nrf_calendar.o(i.d_app_rtc_init) for d_app_rtc_init
    main.o(i.main) refers to app_scheduler.o(i.app_sched_init) for app_sched_init
    main.o(i.main) refers to nrf_pwr_mgmt.o(i.nrf_pwr_mgmt_init) for nrf_pwr_mgmt_init
    main.o(i.main) refers to nrf_sdh.o(i.nrf_sdh_enable_request) for nrf_sdh_enable_request
    main.o(i.main) refers to nrf_sdh_ble.o(i.nrf_sdh_ble_default_cfg_set) for nrf_sdh_ble_default_cfg_set
    main.o(i.main) refers to nrf_sdh_ble.o(i.nrf_sdh_ble_enable) for nrf_sdh_ble_enable
    main.o(i.main) refers to main.o(i.gatt_init) for gatt_init
    main.o(i.main) refers to nrf_ble_qwr.o(i.nrf_ble_qwr_init) for nrf_ble_qwr_init
[...]
    d_fds_init                               0x00028fbd   Thumb Code   128  d_fds.o(i.d_fds_init)
    d_hour_compare                           0x0002910d   Thumb Code    86  nrf_calendar.o(i.d_hour_compare)
    d_nrf_cal_set_alarm                      0x00029165   Thumb Code   314  nrf_calendar.o(i.d_nrf_cal_set_alarm)
    d_rtc_scheduler_event_handler            0x0002931d   Thumb Code   108  nrf_calendar.o(i.d_rtc_scheduler_event_handler)
    d_write_data                             0x000293a9   Thumb Code   178  nrf_calendar.o(i.d_write_data)
    drv_rtc_compare_disable                  0x000296d5   Thumb Code    20  drv_rtc.o(i.drv_rtc_compare_disable)
    drv_rtc_compare_pending                  0x000296e9   Thumb Code    14  drv_rtc.o(i.drv_rtc_compare_pending)
    drv_rtc_compare_set                      0x000296f7   Thumb Code    80  drv_rtc.o(i.drv_rtc_compare_set)
    drv_rtc_counter_get                      0x00029747   Thumb Code     8  drv_rtc.o(i.drv_rtc_counter_get)
    drv_rtc_init                             0x00029751   Thumb Code   144  drv_rtc.o(i.drv_rtc_init)
    drv_rtc_irq_trigger                      0x00029825   Thumb Code    26  drv_rtc.o(i.drv_rtc_irq_trigger)
    drv_rtc_overflow_enable                  0x0002983f   Thumb Code     8  drv_rtc.o(i.drv_rtc_overflow_enable)
    drv_rtc_overflow_pending                 0x00029847   Thumb Code     8  drv_rtc.o(i.drv_rtc_overflow_pending)
    drv_rtc_start                            0x0002984f   Thumb Code     8  drv_rtc.o(i.drv_rtc_start)
    drv_rtc_stop                             0x00029857   Thumb Code     8  drv_rtc.o(i.drv_rtc_stop)
    drv_rtc_windowed_compare_set             0x0002985f   Thumb Code   222  drv_rtc.o(i.drv_rtc_windowed_compare_set)
    evt_handle                               0x00029a85   Thumb Code   216  app_button.o(i.evt_handle)
    fds_err_str                              0x00029b79   Thumb Code    16  d_fds.o(i.fds_err_str)
    fds_gc                                   0x00029cf9   Thumb Code    56  fds.o(i.fds_gc)
    fds_init                                 0x00029d39   Thumb Code   206  fds.o(i.fds_init)
    fds_record_find                          0x00029e1d   Thumb Code    14  fds.o(i.fds_record_find)
    fds_record_update                        0x00029e2b   Thumb Code    16  fds.o(i.fds_record_update)
    fds_record_write                         0x00029e3b   Thumb Code     8  fds.o(i.fds_record_write)
    fds_register                             0x00029e45   Thumb Code    38  fds.o(i.fds_register)
    fds_stat                                 0x00029e75   Thumb Code   152  fds.o(i.fds_stat)
    gatt_evt_handler                         0x00029f75   Thumb Code    52  main.o(i.gatt_evt_handler)
    gatt_init                                0x00029fd1   Thumb Code    38  main.o(i.gatt_init)
    main                                     0x0002a665   Thumb Code   444  main.o(i.main)
    nrf_atfifo_clear                         0x0002aa3f   Thumb Code    16  nrf_atfifo.o(i.nrf_atfifo_clear)
    nrf_atfifo_init                          0x0002aa4f   Thumb Code    38  nrf_atfifo.o(i.nrf_atfifo_init)
    nrf_atfifo_item_alloc                    0x0002aa75   Thumb Code    22  nrf_atfifo.o(i.nrf_atfifo_item_alloc)
    nrf_atfifo_item_free                     0x0002aa8b   Thumb Code    22  nrf_atfifo.o(i.nrf_atfifo_item_free)
    nrf_atfifo_item_get                      0x0002aaa1   Thumb Code    22  nrf_atfifo.o(i.nrf_atfifo_item_get)
    nrf_atfifo_item_put                      0x0002aab7   Thumb Code    22  nrf_atfifo.o(i.nrf_atfifo_item_put)
    nrf_atflags_clear                        0x0002aacd   Thumb Code    22  nrf_atflags.o(i.nrf_atflags_clear)
    nrf_atflags_get                          0x0002aae3   Thumb Code    22  nrf_atflags.o(i.nrf_atflags_get)
    nrf_atflags_set                          0x0002aaf9   Thumb Code    20  nrf_atflags.o(i.nrf_atflags_set)
    nrf_atomic_flag_clear_fetch              0x0002ab0d   Thumb Code     6  nrf_atomic.o(i.nrf_atomic_flag_clear_fetch)
    nrf_atomic_flag_set                      0x0002ab13   Thumb Code     6  nrf_atomic.o(i.nrf_atomic_flag_set)
    nrf_atomic_flag_set_fetch                0x0002ab19   Thumb Code     6  nrf_atomic.o(i.nrf_atomic_flag_set_fetch)
    nrf_atomic_u32_add                       0x0002ab1f   Thumb Code    12  nrf_atomic.o(i.nrf_atomic_u32_add)
    nrf_atomic_u32_and                       0x0002ab2b   Thumb Code    12  nrf_atomic.o(i.nrf_atomic_u32_and)
    nrf_atomic_u32_fetch_add                 0x0002ab37   Thumb Code    10  nrf_atomic.o(i.nrf_atomic_u32_fetch_add)
    nrf_atomic_u32_fetch_and                 0x0002ab41   Thumb Code    10  nrf_atomic.o(i.nrf_atomic_u32_fetch_and)
    nrf_atomic_u32_fetch_or                  0x0002ab4b   Thumb Code    10  nrf_atomic.o(i.nrf_atomic_u32_fetch_or)
    nrf_atomic_u32_fetch_store               0x0002ab55   Thumb Code    10  nrf_atomic.o(i.nrf_atomic_u32_fetch_store)
    nrf_atomic_u32_or                        0x0002ab5f   Thumb Code    12  nrf_atomic.o(i.nrf_atomic_u32_or)
    nrf_atomic_u32_sub                       0x0002ab6b   Thumb Code    12  nrf_atomic.o(i.nrf_atomic_u32_sub)
    nrf_balloc_alloc                         0x0002ab77   Thumb Code    68  nrf_balloc.o(i.nrf_balloc_alloc)
    nrf_balloc_free                          0x0002abbb   Thumb Code    48  nrf_balloc.o(i.nrf_balloc_free)
    nrf_balloc_init                          0x0002abeb   Thumb Code    48  nrf_balloc.o(i.nrf_balloc_init)
    nrf_ble_gatt_att_mtu_periph_set          0x0002ac3f   Thumb Code    24  nrf_ble_gatt.o(i.nrf_ble_gatt_att_mtu_periph_set)
    nrf_ble_gatt_init                        0x0002ac57   Thumb Code    34  nrf_ble_gatt.o(i.nrf_ble_gatt_init)
    nrf_ble_gatt_on_ble_evt                  0x0002ac79   Thumb Code   270  nrf_ble_gatt.o(i.nrf_ble_gatt_on_ble_evt)
    nrf_ble_qwr_conn_handle_assign           0x0002adc9   Thumb Code    22  nrf_ble_qwr.o(i.nrf_ble_qwr_conn_handle_assign)
    nrf_ble_qwr_init                         0x0002addf   Thumb Code    36  nrf_ble_qwr.o(i.nrf_ble_qwr_init)
    nrf_ble_qwr_on_ble_evt                   0x0002ae03   Thumb Code   182  nrf_ble_qwr.o(i.nrf_ble_qwr_on_ble_evt)
    nrf_cal_get_time                         0x0002aeb9   Thumb Code    28  nrf_calendar.o(i.nrf_cal_get_time)
    nrf_cal_get_time_calibrated              0x0002aedd   Thumb Code    86  nrf_calendar.o(i.nrf_cal_get_time_calibrated)
    nrf_cal_get_time_string                  0x0002af41   Thumb Code    30  nrf_calendar.o(i.nrf_cal_get_time_string)
    nrf_cal_set_time                         0x0002af75   Thumb Code    84  nrf_calendar.o(i.nrf_cal_set_time)
    nrf_drv_clock_init                       0x0002aff5   Thumb Code    48  nrf_drv_clock.o(i.nrf_drv_clock_init)
    nrf_drv_clock_lfclk_release              0x0002b02d   Thumb Code    42  nrf_drv_clock.o(i.nrf_drv_clock_lfclk_release)
    nrf_drv_uart_init                        0x0002b05d   Thumb Code    90  nrf_drv_uart.o(i.nrf_drv_uart_init)
    nrf_fprintf                              0x0002b105   Thumb Code    26  nrf_fprintf.o(i.nrf_fprintf)
    nrf_fprintf_buffer_flush                 0x0002b11f   Thumb Code    24  nrf_fprintf.o(i.nrf_fprintf_buffer_flush)
    nrf_fprintf_fmt                          0x0002b137   Thumb Code   474  nrf_fprintf_format.o(i.nrf_fprintf_fmt)
    nrf_fstorage_erase                       0x0002b311   Thumb Code   188  nrf_fstorage.o(i.nrf_fstorage_erase)
    nrf_fstorage_init                        0x0002b449   Thumb Code    74  nrf_fstorage.o(i.nrf_fstorage_init)
    nrf_fstorage_sdh_req_handler             0x0002b4dd   Thumb Code    18  nrf_fstorage_sd.o(i.nrf_fstorage_sdh_req_handler)
    nrf_fstorage_sdh_state_handler           0x0002b4f5   Thumb Code    28  nrf_fstorage_sd.o(i.nrf_fstorage_sdh_state_handler)
    nrf_fstorage_sys_evt_handler             0x0002b515   Thumb Code   154  nrf_fstorage_sd.o(i.nrf_fstorage_sys_evt_handler)
    nrf_fstorage_write                       0x0002b5b9   Thumb Code   242  nrf_fstorage.o(i.nrf_fstorage_write)
    nrf_log_backend_add                      0x0002b919   Thumb Code    86  nrf_log_frontend.o(i.nrf_log_backend_add)
    nrf_log_backend_rtt_init                 0x0002b977   Thumb Code     4  nrf_log_backend_rtt.o(i.nrf_log_backend_rtt_init)
    nrf_log_backend_serial_put               0x0002b995   Thumb Code   200  nrf_log_backend_serial.o(i.nrf_log_backend_serial_put)
    nrf_log_color_id_get                     0x0002ba5d   Thumb Code    42  nrf_log_frontend.o(i.nrf_log_color_id_get)
    nrf_log_default_backends_init            0x0002ba8d   Thumb Code    24  nrf_log_default_backends.o(i.nrf_log_default_backends_init)
    nrf_log_frontend_dequeue                 0x0002baa9   Thumb Code   528  nrf_log_frontend.o(i.nrf_log_frontend_dequeue)
    nrf_log_frontend_std_0                   0x0002bcdd   Thumb Code     8  nrf_log_frontend.o(i.nrf_log_frontend_std_0)
    nrf_log_frontend_std_1                   0x0002bce5   Thumb Code    14  nrf_log_frontend.o(i.nrf_log_frontend_std_1)
    nrf_log_frontend_std_2                   0x0002bcf3   Thumb Code    16  nrf_log_frontend.o(i.nrf_log_frontend_std_2)
    nrf_log_frontend_std_3                   0x0002bd03   Thumb Code    18  nrf_log_frontend.o(i.nrf_log_frontend_std_3)
    nrf_log_frontend_std_5                   0x0002bd15   Thumb Code    28  nrf_log_frontend.o(i.nrf_log_frontend_std_5)
    nrf_log_hexdump_entry_process            0x0002bd31   Thumb Code   150  nrf_log_str_formatter.o(i.nrf_log_hexdump_entry_process)
    nrf_log_init                             0x0002bde1   Thumb Code    46  nrf_log_frontend.o(i.nrf_log_init)
    nrf_log_module_cnt_get                   0x0002be1d   Thumb Code    10  nrf_log_frontend.o(i.nrf_log_module_cnt_get)
    nrf_log_module_name_get                  0x0002be31   Thumb Code    24  nrf_log_frontend.o(i.nrf_log_module_name_get)
    nrf_log_panic                            0x0002be4d   Thumb Code    38  nrf_log_frontend.o(i.nrf_log_panic)
    nrf_log_std_entry_process                0x0002be79   Thumb Code   182  nrf_log_str_formatter.o(i.nrf_log_std_entry_process)
    nrf_memobj_alloc                         0x0002bf2f   Thumb Code    96  nrf_memobj.o(i.nrf_memobj_alloc)
    nrf_memobj_free                          0x0002bf8f   Thumb Code    50  nrf_memobj.o(i.nrf_memobj_free)
    nrf_memobj_get                           0x0002bfc1   Thumb Code     8  nrf_memobj.o(i.nrf_memobj_get)
    nrf_memobj_pool_init                     0x0002bfc9   Thumb Code     4  nrf_memobj.o(i.nrf_memobj_pool_init)
    nrf_memobj_put                           0x0002bfcd   Thumb Code    30  nrf_memobj.o(i.nrf_memobj_put)
    nrf_memobj_read                          0x0002bfeb   Thumb Code    16  nrf_memobj.o(i.nrf_memobj_read)
    nrf_memobj_write                         0x0002bffb   Thumb Code    16  nrf_memobj.o(i.nrf_memobj_write)
    nrf_pwr_mgmt_init                        0x0002c00d   Thumb Code    28  nrf_pwr_mgmt.o(i.nrf_pwr_mgmt_init)
    nrf_pwr_mgmt_run                         0x0002c035   Thumb Code    64  nrf_pwr_mgmt.o(i.nrf_pwr_mgmt_run)
    nrf_ringbuf_init                         0x0002c07d   Thumb Code    28  nrf_ringbuf.o(i.nrf_ringbuf_init)
    nrf_sdh_ble_app_ram_start_get            0x0002c0a5   Thumb Code    16  nrf_sdh_ble.o(i.nrf_sdh_ble_app_ram_start_get)
    nrf_sdh_ble_default_cfg_set              0x0002c0b9   Thumb Code   272  nrf_sdh_ble.o(i.nrf_sdh_ble_default_cfg_set)
    nrf_sdh_ble_enable                       0x0002c1e9   Thumb Code   116  nrf_sdh_ble.o(i.nrf_sdh_ble_enable)
    nrf_sdh_disable_request                  0x0002c379   Thumb Code    80  nrf_sdh.o(i.nrf_sdh_disable_request)
    nrf_sdh_enable_request                   0x0002c3cd   Thumb Code   102  nrf_sdh.o(i.nrf_sdh_enable_request)
    nrf_sdh_evts_poll                        0x0002c441   Thumb Code    32  nrf_sdh.o(i.nrf_sdh_evts_poll)
    nrf_sdh_is_enabled                       0x0002c465   Thumb Code     6  nrf_sdh.o(i.nrf_sdh_is_enabled)
    nrf_sdh_request_continue                 0x0002c471   Thumb Code    22  nrf_sdh.o(i.nrf_sdh_request_continue)
    nrf_section_iter_init                    0x0002c4c9   Thumb Code    10  nrf_section_iter.o(i.nrf_section_iter_init)
    nrf_section_iter_next                    0x0002c4f7   Thumb Code    32  nrf_section_iter.o(i.nrf_section_iter_next)
    nrf_sortlist_add                         0x0002c517   Thumb Code    34  nrf_sortlist.o(i.nrf_sortlist_add)
    nrf_sortlist_peek                        0x0002c539   Thumb Code     6  nrf_sortlist.o(i.nrf_sortlist_peek)
    nrf_sortlist_pop                         0x0002c53f   Thumb Code    14  nrf_sortlist.o(i.nrf_sortlist_pop)
    nrf_sortlist_remove                      0x0002c54d   Thumb Code    30  nrf_sortlist.o(i.nrf_sortlist_remove)
    nrf_strerror_find                        0x0002c56d   Thumb Code    52  nrf_strerror.o(i.nrf_strerror_find)
    nrf_strerror_get                         0x0002c5a5   Thumb Code    14  nrf_strerror.o(i.nrf_strerror_get)
    nrfx_clock_enable                        0x0002c5f1   Thumb Code    34  nrfx_clock.o(i.nrfx_clock_enable)
    nrfx_clock_init                          0x0002c61d   Thumb Code    26  nrfx_clock.o(i.nrfx_clock_init)
    nrfx_clock_lfclk_stop                    0x0002c63d   Thumb Code    20  nrfx_clock.o(i.nrfx_clock_lfclk_stop)
    nrfx_gpiote_in_event_enable              0x0002c669   Thumb Code   156  nrfx_gpiote.o(i.nrfx_gpiote_in_event_enable)
    nrfx_gpiote_in_init                      0x0002c70d   Thumb Code   194  nrfx_gpiote.o(i.nrfx_gpiote_in_init)
    nrfx_gpiote_in_is_set                    0x0002c7dd   Thumb Code    20  nrfx_gpiote.o(i.nrfx_gpiote_in_is_set)
    nrfx_gpiote_init                         0x0002c7f1   Thumb Code    94  nrfx_gpiote.o(i.nrfx_gpiote_init)
    nrfx_gpiote_is_init                      0x0002c85d   Thumb Code    14  nrfx_gpiote.o(i.nrfx_gpiote_is_init)
    nrfx_prs_acquire                         0x0002c881   Thumb Code    58  nrfx_prs.o(i.nrfx_prs_acquire)
    nrfx_prs_release                         0x0002c8bb   Thumb Code    18  nrfx_prs.o(i.nrfx_prs_release)
    nrfx_uart_0_irq_handler                  0x0002c8cd   Thumb Code     8  nrfx_uart.o(i.nrfx_uart_0_irq_handler)
    nrfx_uart_init                           0x0002c8dd   Thumb Code   196  nrfx_uart.o(i.nrfx_uart_init)
    nrfx_uart_rx                             0x0002c9ad   Thumb Code   230  nrfx_uart.o(i.nrfx_uart_rx)
    nrfx_uart_tx                             0x0002ca99   Thumb Code   162  nrfx_uart.o(i.nrfx_uart_tx)
    nrfx_uart_tx_in_progress                 0x0002cb41   Thumb Code    26  nrfx_uart.o(i.nrfx_uart_tx_in_progress)
    nrfx_uart_uninit                         0x0002cb61   Thumb Code   170  nrfx_uart.o(i.nrfx_uart_uninit)
    nrfx_uarte_0_irq_handler                 0x0002cc15   Thumb Code     8  nrfx_uarte.o(i.nrfx_uarte_0_irq_handler)
    nrfx_uarte_init                          0x0002cc25   Thumb Code   100  nrfx_uarte.o(i.nrfx_uarte_init)
    nrfx_uarte_rx                            0x0002cc91   Thumb Code   256  nrfx_uarte.o(i.nrfx_uarte_rx)
    nrfx_uarte_tx                            0x0002cd95   Thumb Code   166  nrfx_uarte.o(i.nrfx_uarte_tx)
    nrfx_uarte_tx_in_progress                0x0002ce41   Thumb Code    22  nrfx_uarte.o(i.nrfx_uarte_tx_in_progress)
    nrfx_uarte_uninit                        0x0002ce5d   Thumb Code   214  nrfx_uarte.o(i.nrfx_uarte_uninit)
    uart_event_handle                        0x0002e041   Thumb Code   112  main.o(i.uart_event_handle)
    wait_for_fds_ready                       0x0002e6b5   Thumb Code    20  d_fds.o(i.wait_for_fds_ready)
    nrf_fstorage_sd                          0x0002ec50   Data          32  nrf_fstorage_sd.o(.constdata)
    nrf_log_backend_rtt_api                  0x0002ec70   Data          12  nrf_log_backend_rtt.o(.constdata)
    m_ram_start                              0x0002ed0c   Data           4  nrf_sdh_ble.o(.constdata)
    __ctype_table                            0x0002ed38   Data         129  ctype_o.o(.constdata)
    Region$$Table$$Base                      0x0002f7c8   Number         0  anon$$obj.o(Region$$Table)
    Region$$Table$$Limit                     0x0002f7e8   Number         0  anon$$obj.o(Region$$Table)
    log_const_data$$Base                     0x0002f7f8   Number         0  nrf_ble_gatt.o(log_const_data)
    m_nrf_log_nrf_ble_gatt_logs_data_const   0x0002f7f8   Data           8  nrf_ble_gatt.o(log_const_data)
    m_nrf_log_ble_nus_logs_data_const        0x0002f800   Data           8  ble_nus.o(log_const_data)
    m_nrf_log_clock_logs_data_const          0x0002f808   Data           8  nrf_drv_clock.o(log_const_data)
    m_nrf_log_CLOCK_logs_data_const          0x0002f810   Data           8  nrfx_clock.o(log_const_data)
    m_nrf_log_GPIOTE_logs_data_const         0x0002f818   Data           8  nrfx_gpiote.o(log_const_data)
    m_nrf_log_PRS_logs_data_const            0x0002f820   Data           8  nrfx_prs.o(log_const_data)
    m_nrf_log_UART_logs_data_const           0x0002f828   Data           8  nrfx_uart.o(log_const_data)
    m_nrf_log_UARTE_logs_data_const          0x0002f830   Data           8  nrfx_uarte.o(log_const_data)
    m_nrf_log_app_button_logs_data_const     0x0002f838   Data           8  app_button.o(log_const_data)
    m_nrf_log_app_timer_logs_data_const      0x0002f840   Data           8  app_timer2.o(log_const_data)
    m_nrf_log_pwr_mgmt_logs_data_const       0x0002f848   Data           8  nrf_pwr_mgmt.o(log_const_data)
    m_nrf_log_sortlist_logs_data_const       0x0002f850   Data           8  nrf_sortlist.o(log_const_data)
    m_nrf_log_nrf_fstorage_logs_data_const   0x0002f858   Data           8  nrf_fstorage.o(log_const_data)
    m_nrf_log_app_logs_data_const            0x0002f860   Data           8  nrf_log_frontend.o(log_const_data)
    m_nrf_log_nrf_sdh_logs_data_const        0x0002f868   Data           8  nrf_sdh.o(log_const_data)
    m_nrf_log_nrf_sdh_ble_logs_data_const    0x0002f870   Data           8  nrf_sdh_ble.o(log_const_data)
    m_nrf_log_nrf_sdh_soc_logs_data_const    0x0002f878   Data           8  nrf_sdh_soc.o(log_const_data)
    log_const_data$$Limit                    0x0002f880   Number         0  nrf_sdh_soc.o(log_const_data)
    log_mempool                              0x0002f880   Data          20  nrf_log_frontend.o(nrf_balloc)
    sdh_ble_observers0$$Base                 0x0002f894   Number         0  ble_conn_state.o(sdh_ble_observers0)
    sdh_ble_observers0$$Limit                0x0002f89c   Number         0  ble_conn_state.o(sdh_ble_observers0)
    sdh_ble_observers1$$Base                 0x0002f89c   Number         0  main.o(sdh_ble_observers1)
    sdh_ble_observers1$$Limit                0x0002f8bc   Number         0  ble_conn_params.o(sdh_ble_observers1)
    sdh_ble_observers2$$Base                 0x0002f8bc   Number         0  main.o(sdh_ble_observers2)
    sdh_ble_observers2$$Limit                0x0002f8cc   Number         0  main.o(sdh_ble_observers2)
    sdh_ble_observers3$$Base                 0x0002f8cc   Number         0  main.o(sdh_ble_observers3)
    m_req_obs                                0x0002f8d4   Data           8  nrf_fstorage_sd.o(sdh_req_observers0)
    sdh_ble_observers3$$Limit                0x0002f8d4   Number         0  main.o(sdh_ble_observers3)
    sdh_req_observers0$$Base                 0x0002f8d4   Number         0  nrf_fstorage_sd.o(sdh_req_observers0)
    sdh_req_observers0$$Limit                0x0002f8dc   Number         0  nrf_fstorage_sd.o(sdh_req_observers0)
    sdh_soc_observers0$$Base                 0x0002f8dc   Number         0  nrf_drv_clock.o(sdh_soc_observers0)
    sdh_soc_observers0$$Limit                0x0002f8ec   Number         0  nrf_fstorage_sd.o(sdh_soc_observers0)
    sdh_stack_observers0$$Base               0x0002f8ec   Number         0  nrf_sdh_ble.o(sdh_stack_observers0)
    sdh_stack_observers0$$Limit              0x0002f8fc   Number         0  nrf_sdh_soc.o(sdh_stack_observers0)
    sdh_state_observers0$$Base               0x0002f8fc   Number         0  nrf_drv_clock.o(sdh_state_observers0)
    sdh_state_observers0$$Limit              0x0002f90c   Number         0  nrf_fstorage_sd.o(sdh_state_observers0)
    Image$$RW_IRAM1$$Base                    0x20002ad8   Number         0  anon$$obj.o ABSOLUTE
    nrf_drv_uart_use_easy_dma                0x20002bac   Data           1  nrf_drv_uart.o(.data)
    SystemCoreClock                          0x20002cdc   Data           4  system_nrf52.o(.data)
    fs_data$$Base                            0x20002ce0   Number         0  fds.o(fs_data)
    m_fs                                     0x20002ce0   Data          20  fds.o(fs_data)
    fs_data$$Limit                           0x20002cf4   Number         0  fds.o(fs_data)
    nrf_nvic_state                           0x20004688   Data          12  app_util_platform.o(.bss)
    _SEGGER_RTT                              0x20004dfc   Data         120  segger_rtt.o(.bss)
    __initial_sp                             0x200070b0   Data           0  arm_startup_nrf52.o(STACK)



==============================================================================

Memory Map of the image

  Image Entry point : 0x00026201

  Load Region LR_IROM1 (Base: 0x00026000, Size: 0x00009b28, Max: 0x0005a000, ABSOLUTE, COMPRESSED[0x000099ac])

    Execution Region ER_IROM1 (Exec base: 0x00026000, Load base: 0x00026000, Size: 0x0000990c, Max: 0x0005a000, ABSOLUTE)

    Exec Addr    Load Addr    Size         Type   Attr      Idx    E Section Name        Object

    0x00026000   0x00026000   0x00000200   Data   RO         5988    RESET               arm_startup_nrf52.o
    0x00026200   0x00026200   0x00000000   Code   RO         6029  * .ARM.Collect$$$$00000000  mc_w.l(entry.o)
    0x00026200   0x00026200   0x00000004   Code   RO         6091    .ARM.Collect$$$$00000001  mc_w.l(entry2.o)
    0x00026204   0x00026204   0x00000004   Code   RO         6094    .ARM.Collect$$$$00000004  mc_w.l(entry5.o)
    0x00026208   0x00026208   0x00000000   Code   RO         6096    .ARM.Collect$$$$00000008  mc_w.l(entry7b.o)
    0x00026208   0x00026208   0x00000000   Code   RO         6098    .ARM.Collect$$$$0000000A  mc_w.l(entry8b.o)
    0x00026208   0x00026208   0x00000008   Code   RO         6099    .ARM.Collect$$$$0000000B  mc_w.l(entry9a.o)
    0x00026210   0x00026210   0x00000000   Code   RO         6101    .ARM.Collect$$$$0000000D  mc_w.l(entry10a.o)
    0x00026210   0x00026210   0x00000000   Code   RO         6103    .ARM.Collect$$$$0000000F  mc_w.l(entry11a.o)
    0x00026210   0x00026210   0x00000004   Code   RO         6092    .ARM.Collect$$$$00002712  mc_w.l(entry2.o)
    0x00026214   0x00026214   0x000000c8   Code   RO         3853    .emb_text           nrf_atfifo.o
    0x000262dc   0x000262dc   0x000000e2   Code   RO         3989    .emb_text           nrf_atomic.o
    0x000263be   0x000263be   0x00000002   PAD
    0x000263c0   0x000263c0   0x00000024   Code   RO         5989    .text               arm_startup_nrf52.o
    0x000263e4   0x000263e4   0x00000062   Code   RO         6032    .text               mc_w.l(uldiv.o)
    0x00026446   0x00026446   0x0000001e   Code   RO         6034    .text               mc_w.l(llshl.o)
    0x00026464   0x00026464   0x00000008   Code   RO         6036    .text               mc_w.l(ctype_o.o)
    0x0002646c   0x0002646c   0x000000a8   Code   RO         6068    .text               mc_w.l(mktime.o)
    0x00026514   0x00026514   0x00000394   Code   RO         6071    .text               mc_w.l(strftime.o)
    0x000268a8   0x000268a8   0x00000024   Code   RO         6077    .text               mc_w.l(memcpya.o)
    0x000268cc   0x000268cc   0x00000024   Code   RO         6079    .text               mc_w.l(memseta.o)
    0x000268f0   0x000268f0   0x0000000e   Code   RO         6081    .text               mc_w.l(strlen.o)
    0x000268fe   0x000268fe   0x00000012   Code   RO         6085    .text               mc_w.l(strcpy.o)
    0x00026910   0x00026910   0x0000001e   Code   RO         6087    .text               mc_w.l(strncmp.o)
    0x0002692e   0x0002692e   0x00000020   Code   RO         6105    .text               mc_w.l(llushr.o)
    0x0002694e   0x0002694e   0x00000002   PAD
    0x00026950   0x00026950   0x0000000c   Code   RO         6107    .text               mc_w.l(localtime_w.o)
    0x0002695c   0x0002695c   0x0000008c   Code   RO         6110    .text               mc_w.l(localtime_i.o)
    0x000269e8   0x000269e8   0x00000024   Code   RO         6113    .text               mc_w.l(init.o)
    0x00026a0c   0x00026a0c   0x00000056   Code   RO         6123    .text               mc_w.l(__dczerorl2.o)
    0x00026a62   0x00026a62   0x00000002   PAD
    0x00026a64   0x00026a64   0x00000164   Code   RO         2365    i.GPIOTE_IRQHandler  nrfx_gpiote.o
    0x00026bc8   0x00026bc8   0x00000058   Code   RO         2227    i.POWER_CLOCK_IRQHandler  nrfx_clock.o
    0x00026c20   0x00026c20   0x00000010   Code   RO         3642    i.RTC1_IRQHandler   drv_rtc.o
    0x00026c30   0x00026c30   0x00000030   Code   RO          446    i.RTC2_IRQHandler   nrf_calendar.o
    0x00026c60   0x00026c60   0x00000004   Code   RO         5523    i.SEGGER_RTT_Init   segger_rtt.o
    0x00026c64   0x00026c64   0x0000005c   Code   RO         5537    i.SEGGER_RTT_WriteNoLock  segger_rtt.o
    0x00026cc0   0x00026cc0   0x00000020   Code   RO         5774    i.SWI2_EGU2_IRQHandler  nrf_sdh.o
    0x00026ce0   0x00026ce0   0x0000031c   Code   RO         5997    i.SystemInit        system_nrf52.o
    0x00026ffc   0x00026ffc   0x0000000c   Code   RO         2634    i.UARTE0_UART0_IRQHandler  nrfx_prs.o
    0x00027008   0x00027008   0x00000068   Code   RO         5541    i._DoInit           segger_rtt.o
    0x00027070   0x00027070   0x00000016   Code   RO         5542    i._GetAvailWriteSpace  segger_rtt.o
    0x00027086   0x00027086   0x0000005a   Code   RO         5544    i._WriteBlocking    segger_rtt.o
    0x000270e0   0x000270e0   0x00000042   Code   RO         5545    i._WriteNoCheck     segger_rtt.o
    0x00027122   0x00027122   0x0000000e   Code   RO         6117    i.__scatterload_copy  mc_w.l(handlers.o)
    0x00027130   0x00027130   0x00000002   Code   RO         6118    i.__scatterload_null  mc_w.l(handlers.o)
    0x00027132   0x00027132   0x0000000e   Code   RO         6119    i.__scatterload_zeroinit  mc_w.l(handlers.o)
    0x00027140   0x00027140   0x00000024   Code   RO         5775    i.__sd_nvic_app_accessible_irq  nrf_sdh.o
    0x00027164   0x00027164   0x0000000c   Code   RO         4937    i.addr_is_aligned32  nrf_fstorage.o
    0x00027170   0x00027170   0x00000018   Code   RO         4938    i.addr_is_within_bounds  nrf_fstorage.o
    0x00027188   0x00027188   0x00000010   Code   RO         1231    i.adv_set_data_size_max_get  ble_advertising.o
    0x00027198   0x00027198   0x00000036   Code   RO          991    i.advertising_buttons_configure  bsp_btn_ble.o
    0x000271ce   0x000271ce   0x00000006   Code   RO          877    i.alert_timer_handler  bsp.o
    0x000271d4   0x000271d4   0x00000024   Code   RO         3037    i.app_button_enable  app_button.o
    0x000271f8   0x000271f8   0x00000080   Code   RO         3038    i.app_button_init   app_button.o
    0x00027278   0x00027278   0x00000084   Code   RO         3191    i.app_error_fault_handler  app_error_weak.o
    0x000272fc   0x000272fc   0x00000016   Code   RO         3135    i.app_error_handler_bare  app_error.o
    0x00027312   0x00027312   0x00000016   Code   RO         3226    i.app_fifo_get      app_fifo.o
    0x00027328   0x00027328   0x00000020   Code   RO         3227    i.app_fifo_init     app_fifo.o
    0x00027348   0x00027348   0x0000001a   Code   RO         3229    i.app_fifo_put      app_fifo.o
    0x00027362   0x00027362   0x00000002   PAD
    0x00027364   0x00027364   0x000000a0   Code   RO         3298    i.app_sched_event_put  app_scheduler.o
    0x00027404   0x00027404   0x00000040   Code   RO         3299    i.app_sched_execute  app_scheduler.o
    0x00027444   0x00027444   0x0000002c   Code   RO         3300    i.app_sched_init    app_scheduler.o
    0x00027470   0x00027470   0x0000000c   Code   RO         3347    i.app_timer_cnt_get  app_timer2.o
    0x0002747c   0x0002747c   0x00000016   Code   RO         3348    i.app_timer_create  app_timer2.o
    0x00027492   0x00027492   0x00000002   PAD
    0x00027494   0x00027494   0x0000005c   Code   RO         3349    i.app_timer_init    app_timer2.o
    0x000274f0   0x000274f0   0x00000030   Code   RO         3352    i.app_timer_start   app_timer2.o
    0x00027520   0x00027520   0x0000000c   Code   RO         3353    i.app_timer_stop    app_timer2.o
    0x0002752c   0x0002752c   0x00000028   Code   RO         3488    i.app_uart_close    app_uart_fifo.o
    0x00027554   0x00027554   0x00000034   Code   RO         3490    i.app_uart_get      app_uart_fifo.o
    0x00027588   0x00027588   0x000000a4   Code   RO         3491    i.app_uart_init     app_uart_fifo.o
    0x0002762c   0x0002762c   0x00000054   Code   RO         3492    i.app_uart_put      app_uart_fifo.o
    0x00027680   0x00027680   0x00000048   Code   RO         3574    i.app_util_critical_region_enter  app_util_platform.o
    0x000276c8   0x000276c8   0x00000034   Code   RO         3575    i.app_util_critical_region_exit  app_util_platform.o
    0x000276fc   0x000276fc   0x00000088   Code   RO         2688    i.apply_config      nrfx_uart.o
    0x00027784   0x00027784   0x00000088   Code   RO         2876    i.apply_config      nrfx_uarte.o
    0x0002780c   0x0002780c   0x00000004   Code   RO         5776    i.appsh_events_poll  nrf_sdh.o
    0x00027810   0x00027810   0x00000048   Code   RO         1588    i.blcm_link_ctx_get  ble_link_ctx_manager.o
    0x00027858   0x00027858   0x00000182   Code   RO         1122    i.ble_advdata_encode  ble_advdata.o
    0x000279da   0x000279da   0x00000020   Code   RO         1124    i.ble_advdata_parse  ble_advdata.o
    0x000279fa   0x000279fa   0x00000040   Code   RO         1125    i.ble_advdata_search  ble_advdata.o
    0x00027a3a   0x00027a3a   0x00000006   Code   RO         1233    i.ble_advertising_conn_cfg_tag_set  ble_advertising.o
    0x00027a40   0x00027a40   0x000000f8   Code   RO         1234    i.ble_advertising_init  ble_advertising.o
    0x00027b38   0x00027b38   0x0000006a   Code   RO         1236    i.ble_advertising_on_ble_evt  ble_advertising.o
    0x00027ba2   0x00027ba2   0x0000003a   Code   RO         1238    i.ble_advertising_restart_without_whitelist  ble_advertising.o
    0x00027bdc   0x00027bdc   0x00000230   Code   RO         1239    i.ble_advertising_start  ble_advertising.o
    0x00027e0c   0x00027e0c   0x00000068   Code   RO         1336    i.ble_conn_params_init  ble_conn_params.o
    0x00027e74   0x00027e74   0x00000012   Code   RO         1420    i.ble_conn_state_conn_idx  ble_conn_state.o
    0x00027e86   0x00027e86   0x00000002   PAD
    0x00027e88   0x00027e88   0x00000014   Code   RO         1434    i.ble_conn_state_valid  ble_conn_state.o
    0x00027e9c   0x00027e9c   0x00000060   Code   RO         1128    i.ble_device_addr_encode  ble_advdata.o
    0x00027efc   0x00027efc   0x000000dc   Code   RO            5    i.ble_evt_handler   main.o
    0x00027fd8   0x00027fd8   0x00000070   Code   RO          992    i.ble_evt_handler   bsp_btn_ble.o
    0x00028048   0x00028048   0x000000fc   Code   RO         1338    i.ble_evt_handler   ble_conn_params.o
    0x00028144   0x00028144   0x00000118   Code   RO         1435    i.ble_evt_handler   ble_conn_state.o
    0x0002825c   0x0002825c   0x00000066   Code   RO         1823    i.ble_nus_data_send  ble_nus.o
    0x000282c2   0x000282c2   0x00000002   PAD
    0x000282c4   0x000282c4   0x000000d4   Code   RO         1824    i.ble_nus_init      ble_nus.o
    0x00028398   0x00028398   0x00000070   Code   RO         1825    i.ble_nus_on_ble_evt  ble_nus.o
    0x00028408   0x00028408   0x00000008   Code   RO         1617    i.ble_srv_is_notification_enabled  ble_srv_common.o
    0x00028410   0x00028410   0x00000020   Code   RO          742    i.bsp_board_button_state_get  boards.o
    0x00028430   0x00028430   0x00000054   Code   RO          743    i.bsp_board_init    boards.o
    0x00028484   0x00028484   0x00000024   Code   RO          745    i.bsp_board_led_invert  boards.o
    0x000284a8   0x000284a8   0x00000010   Code   RO          746    i.bsp_board_led_off  boards.o
    0x000284b8   0x000284b8   0x00000010   Code   RO          747    i.bsp_board_led_on  boards.o
    0x000284c8   0x000284c8   0x00000020   Code   RO          748    i.bsp_board_led_state_get  boards.o
    0x000284e8   0x000284e8   0x00000012   Code   RO          749    i.bsp_board_leds_off  boards.o
    0x000284fa   0x000284fa   0x00000012   Code   RO          750    i.bsp_board_leds_on  boards.o
    0x0002850c   0x0002850c   0x00000024   Code   RO          751    i.bsp_board_pin_to_button_idx  boards.o
    0x00028530   0x00028530   0x00000038   Code   RO          993    i.bsp_btn_ble_init  bsp_btn_ble.o
    0x00028568   0x00028568   0x00000090   Code   RO          878    i.bsp_button_event_handler  bsp.o
    0x000285f8   0x000285f8   0x0000000c   Code   RO          879    i.bsp_button_is_pressed  bsp.o
    0x00028604   0x00028604   0x00000060   Code   RO            6    i.bsp_event_handler  main.o
    0x00028664   0x00028664   0x00000044   Code   RO          882    i.bsp_event_to_button_action_assign  bsp.o
    0x000286a8   0x000286a8   0x00000018   Code   RO          883    i.bsp_indication_set  bsp.o
    0x000286c0   0x000286c0   0x00000094   Code   RO          884    i.bsp_init          bsp.o
    0x00028754   0x00028754   0x000001c8   Code   RO          885    i.bsp_led_indication  bsp.o
    0x0002891c   0x0002891c   0x00000090   Code   RO         5278    i.buf_prealloc      nrf_log_frontend.o
    0x000289ac   0x000289ac   0x0000002e   Code   RO         4201    i.buffer_add        nrf_fprintf_format.o
    0x000289da   0x000289da   0x00000002   PAD
    0x000289dc   0x000289dc   0x00000014   Code   RO         5279    i.buffer_is_empty   nrf_log_frontend.o
    0x000289f0   0x000289f0   0x00000028   Code   RO         3040    i.button_get        app_button.o
    0x00028a18   0x00028a18   0x00000008   Code   RO          888    i.button_timer_handler  bsp.o
    0x00028a20   0x00028a20   0x0000001c   Code   RO         2366    i.channel_free      nrfx_gpiote.o
    0x00028a3c   0x00028a3c   0x00000048   Code   RO         2367    i.channel_port_alloc  nrfx_gpiote.o
    0x00028a84   0x00028a84   0x00000010   Code   RO         2368    i.channel_port_get  nrfx_gpiote.o
    0x00028a94   0x00028a94   0x00000190   Code   RO         1619    i.characteristic_add  ble_srv_common.o
    0x00028c24   0x00028c24   0x00000028   Code   RO         1884    i.clock_clk_started_notify  nrf_drv_clock.o
    0x00028c4c   0x00028c4c   0x0000001c   Code   RO         1885    i.clock_irq_handler  nrf_drv_clock.o
    0x00028c68   0x00028c68   0x00000018   Code   RO         3355    i.compare_func      app_timer2.o
    0x00028c80   0x00028c80   0x0000003e   Code   RO         1436    i.conn_handle_list_get  ble_conn_state.o
    0x00028cbe   0x00028cbe   0x00000088   Code   RO         1129    i.conn_int_encode   ble_advdata.o
    0x00028d46   0x00028d46   0x00000004   Code   RO            8    i.conn_params_error_handler  main.o
    0x00028d4a   0x00028d4a   0x00000002   PAD
    0x00028d4c   0x00028d4c   0x00000048   Code   RO         1339    i.conn_params_negotiation  ble_conn_params.o
    0x00028d94   0x00028d94   0x0000002c   Code   RO          447    i.d_app_rtc_init    nrf_calendar.o
    0x00028dc0   0x00028dc0   0x0000016c   Code   RO            9    i.d_ble_rx_scheduler_event_handler  main.o
    0x00028f2c   0x00028f2c   0x0000003a   Code   RO          449    i.d_convert_today   nrf_calendar.o
    0x00028f66   0x00028f66   0x00000002   PAD
    0x00028f68   0x00028f68   0x00000054   Code   RO          450    i.d_export_data     nrf_calendar.o
    0x00028fbc   0x00028fbc   0x00000150   Code   RO          676    i.d_fds_init        d_fds.o
    0x0002910c   0x0002910c   0x00000056   Code   RO          451    i.d_hour_compare    nrf_calendar.o
    0x00029162   0x00029162   0x00000002   PAD
    0x00029164   0x00029164   0x000001b8   Code   RO          452    i.d_nrf_cal_set_alarm  nrf_calendar.o
    0x0002931c   0x0002931c   0x00000070   Code   RO          454    i.d_rtc_scheduler_event_handler  nrf_calendar.o
    0x0002938c   0x0002938c   0x0000001c   Code   RO          455    i.d_rtc_timer_handler  nrf_calendar.o
    0x000293a8   0x000293a8   0x00000184   Code   RO          456    i.d_write_data      nrf_calendar.o
    0x0002952c   0x0002952c   0x000000c0   Code   RO         1677    i.data_length_update  nrf_ble_gatt.o
    0x000295ec   0x000295ec   0x0000008c   Code   RO         4620    i.delete_execute    fds.o
    0x00029678   0x00029678   0x00000048   Code   RO         3041    i.detection_delay_timeout_handler  app_button.o
    0x000296c0   0x000296c0   0x00000014   Code   RO         5280    i.dropped_sat16_get  nrf_log_frontend.o
    0x000296d4   0x000296d4   0x00000014   Code   RO         3643    i.drv_rtc_compare_disable  drv_rtc.o
    0x000296e8   0x000296e8   0x0000000e   Code   RO         3645    i.drv_rtc_compare_pending  drv_rtc.o
    0x000296f6   0x000296f6   0x00000050   Code   RO         3646    i.drv_rtc_compare_set  drv_rtc.o
    0x00029746   0x00029746   0x00000008   Code   RO         3647    i.drv_rtc_counter_get  drv_rtc.o
    0x0002974e   0x0002974e   0x00000002   PAD
    0x00029750   0x00029750   0x000000d4   Code   RO         3648    i.drv_rtc_init      drv_rtc.o
    0x00029824   0x00029824   0x0000001a   Code   RO         3649    i.drv_rtc_irq_trigger  drv_rtc.o
    0x0002983e   0x0002983e   0x00000008   Code   RO         3651    i.drv_rtc_overflow_enable  drv_rtc.o
    0x00029846   0x00029846   0x00000008   Code   RO         3652    i.drv_rtc_overflow_pending  drv_rtc.o
    0x0002984e   0x0002984e   0x00000008   Code   RO         3653    i.drv_rtc_start     drv_rtc.o
    0x00029856   0x00029856   0x00000008   Code   RO         3654    i.drv_rtc_stop      drv_rtc.o
    0x0002985e   0x0002985e   0x000000de   Code   RO         3659    i.drv_rtc_windowed_compare_set  drv_rtc.o
    0x0002993c   0x0002993c   0x0000004c   Code   RO         5024    i.erase             nrf_fstorage_sd.o
    0x00029988   0x00029988   0x00000074   Code   RO         4621    i.event_prepare     fds.o
    0x000299fc   0x000299fc   0x00000020   Code   RO         4622    i.event_send        fds.o
    0x00029a1c   0x00029a1c   0x00000054   Code   RO         5025    i.event_send        nrf_fstorage_sd.o
    0x00029a70   0x00029a70   0x00000012   Code   RO         3660    i.evt_enable        drv_rtc.o
    0x00029a82   0x00029a82   0x00000002   PAD
    0x00029a84   0x00029a84   0x000000e0   Code   RO         3042    i.evt_handle        app_button.o
    0x00029b64   0x00029b64   0x00000014   Code   RO         3661    i.evt_pending       drv_rtc.o
    0x00029b78   0x00029b78   0x00000014   Code   RO          677    i.fds_err_str       d_fds.o
    0x00029b8c   0x00029b8c   0x0000016c   Code   RO          678    i.fds_evt_handler   d_fds.o
    0x00029cf8   0x00029cf8   0x00000040   Code   RO         4625    i.fds_gc            fds.o
    0x00029d38   0x00029d38   0x000000e4   Code   RO         4626    i.fds_init          fds.o
    0x00029e1c   0x00029e1c   0x0000000e   Code   RO         4629    i.fds_record_find   fds.o
    0x00029e2a   0x00029e2a   0x00000010   Code   RO         4635    i.fds_record_update  fds.o
    0x00029e3a   0x00029e3a   0x00000008   Code   RO         4636    i.fds_record_write  fds.o
    0x00029e42   0x00029e42   0x00000002   PAD
    0x00029e44   0x00029e44   0x00000030   Code   RO         4638    i.fds_register      fds.o
    0x00029e74   0x00029e74   0x000000a0   Code   RO         4641    i.fds_stat          fds.o
    0x00029f14   0x00029f14   0x00000014   Code   RO         3232    i.fifo_get          app_fifo.o
    0x00029f28   0x00029f28   0x00000012   Code   RO         3233    i.fifo_put          app_fifo.o
    0x00029f3a   0x00029f3a   0x0000000a   Code   RO         1437    i.flag_toggle       ble_conn_state.o
    0x00029f44   0x00029f44   0x00000028   Code   RO         1241    i.flags_set         ble_advertising.o
    0x00029f6c   0x00029f6c   0x00000006   Code   RO         4642    i.fs_event_handler  fds.o
    0x00029f72   0x00029f72   0x00000002   PAD
    0x00029f74   0x00029f74   0x0000005c   Code   RO           10    i.gatt_evt_handler  main.o
    0x00029fd0   0x00029fd0   0x00000030   Code   RO           11    i.gatt_init         main.o
    0x0002a000   0x0002a000   0x00000080   Code   RO         4643    i.gc_execute        fds.o
    0x0002a080   0x0002a080   0x0000004c   Code   RO         4644    i.gc_next_page      fds.o
    0x0002a0cc   0x0002a0cc   0x00000040   Code   RO         4645    i.gc_page_erase     fds.o
    0x0002a10c   0x0002a10c   0x00000034   Code   RO         4646    i.gc_record_copy    fds.o
    0x0002a140   0x0002a140   0x00000024   Code   RO         4647    i.gc_record_find_next  fds.o
    0x0002a164   0x0002a164   0x00000088   Code   RO         4648    i.gc_state_advance  fds.o
    0x0002a1ec   0x0002a1ec   0x00000034   Code   RO         3356    i.get_now           app_timer2.o
    0x0002a220   0x0002a220   0x0000003c   Code   RO         3043    i.gpiote_event_handler  app_button.o
    0x0002a25c   0x0002a25c   0x0000002c   Code   RO         4649    i.header_check      fds.o
    0x0002a288   0x0002a288   0x00000012   Code   RO         4650    i.header_has_next   fds.o
    0x0002a29a   0x0002a29a   0x00000002   PAD
    0x0002a29c   0x0002a29c   0x00000034   Code   RO         5026    i.init              nrf_fstorage_sd.o
    0x0002a2d0   0x0002a2d0   0x000000c8   Code   RO         4651    i.init_execute      fds.o
    0x0002a398   0x0002a398   0x00000014   Code   RO         1340    i.instance_get      ble_conn_params.o
    0x0002a3ac   0x0002a3ac   0x000000a6   Code   RO         4202    i.int_print         nrf_fprintf_format.o
    0x0002a452   0x0002a452   0x00000002   PAD
    0x0002a454   0x0002a454   0x00000084   Code   RO         2877    i.interrupts_enable  nrfx_uarte.o
    0x0002a4d8   0x0002a4d8   0x00000034   Code   RO         5281    i.invalid_packets_omit  nrf_log_frontend.o
    0x0002a50c   0x0002a50c   0x00000010   Code   RO         5027    i.is_busy           nrf_fstorage_sd.o
    0x0002a51c   0x0002a51c   0x00000044   Code   RO         1341    i.is_conn_params_ok  ble_conn_params.o
    0x0002a560   0x0002a560   0x0000000c   Code   RO         4652    i.is_word_aligned   fds.o
    0x0002a56c   0x0002a56c   0x00000030   Code   RO          889    i.leds_off          bsp.o
    0x0002a59c   0x0002a59c   0x00000014   Code   RO          890    i.leds_timer_handler  bsp.o
    0x0002a5b0   0x0002a5b0   0x00000018   Code   RO         1678    i.link_init         nrf_ble_gatt.o
    0x0002a5c8   0x0002a5c8   0x0000009c   Code   RO         5282    i.log_skip          nrf_log_frontend.o
    0x0002a664   0x0002a664   0x00000220   Code   RO           12    i.main              main.o
    0x0002a884   0x0002a884   0x00000064   Code   RO         1130    i.manuf_specific_data_encode  ble_advdata.o
    0x0002a8e8   0x0002a8e8   0x0000007e   Code   RO         4241    i.memobj_op         nrf_memobj.o
    0x0002a966   0x0002a966   0x00000002   PAD
    0x0002a968   0x0002a968   0x00000030   Code   RO         5283    i.module_idx_get    nrf_log_frontend.o
    0x0002a998   0x0002a998   0x000000a6   Code   RO         1131    i.name_encode       ble_advdata.o
    0x0002aa3e   0x0002aa3e   0x00000010   Code   RO         3855    i.nrf_atfifo_clear  nrf_atfifo.o
    0x0002aa4e   0x0002aa4e   0x00000026   Code   RO         3857    i.nrf_atfifo_init   nrf_atfifo.o
    0x0002aa74   0x0002aa74   0x00000016   Code   RO         3858    i.nrf_atfifo_item_alloc  nrf_atfifo.o
    0x0002aa8a   0x0002aa8a   0x00000016   Code   RO         3859    i.nrf_atfifo_item_free  nrf_atfifo.o
    0x0002aaa0   0x0002aaa0   0x00000016   Code   RO         3860    i.nrf_atfifo_item_get  nrf_atfifo.o
    0x0002aab6   0x0002aab6   0x00000016   Code   RO         3861    i.nrf_atfifo_item_put  nrf_atfifo.o
    0x0002aacc   0x0002aacc   0x00000016   Code   RO         3923    i.nrf_atflags_clear  nrf_atflags.o
    0x0002aae2   0x0002aae2   0x00000016   Code   RO         3928    i.nrf_atflags_get   nrf_atflags.o
    0x0002aaf8   0x0002aaf8   0x00000014   Code   RO         3930    i.nrf_atflags_set   nrf_atflags.o
    0x0002ab0c   0x0002ab0c   0x00000006   Code   RO         3991    i.nrf_atomic_flag_clear_fetch  nrf_atomic.o
    0x0002ab12   0x0002ab12   0x00000006   Code   RO         3992    i.nrf_atomic_flag_set  nrf_atomic.o
    0x0002ab18   0x0002ab18   0x00000006   Code   RO         3993    i.nrf_atomic_flag_set_fetch  nrf_atomic.o
    0x0002ab1e   0x0002ab1e   0x0000000c   Code   RO         3994    i.nrf_atomic_u32_add  nrf_atomic.o
    0x0002ab2a   0x0002ab2a   0x0000000c   Code   RO         3995    i.nrf_atomic_u32_and  nrf_atomic.o
    0x0002ab36   0x0002ab36   0x0000000a   Code   RO         3997    i.nrf_atomic_u32_fetch_add  nrf_atomic.o
    0x0002ab40   0x0002ab40   0x0000000a   Code   RO         3998    i.nrf_atomic_u32_fetch_and  nrf_atomic.o
    0x0002ab4a   0x0002ab4a   0x0000000a   Code   RO         3999    i.nrf_atomic_u32_fetch_or  nrf_atomic.o
    0x0002ab54   0x0002ab54   0x0000000a   Code   RO         4000    i.nrf_atomic_u32_fetch_store  nrf_atomic.o
    0x0002ab5e   0x0002ab5e   0x0000000c   Code   RO         4004    i.nrf_atomic_u32_or  nrf_atomic.o
    0x0002ab6a   0x0002ab6a   0x0000000c   Code   RO         4006    i.nrf_atomic_u32_sub  nrf_atomic.o
    0x0002ab76   0x0002ab76   0x00000044   Code   RO         4125    i.nrf_balloc_alloc  nrf_balloc.o
    0x0002abba   0x0002abba   0x00000030   Code   RO         4126    i.nrf_balloc_free   nrf_balloc.o
    0x0002abea   0x0002abea   0x00000030   Code   RO         4127    i.nrf_balloc_init   nrf_balloc.o
    0x0002ac1a   0x0002ac1a   0x00000010   Code   RO         2369    i.nrf_bitmask_bit_is_set  nrfx_gpiote.o
    0x0002ac2a   0x0002ac2a   0x00000014   Code   RO         2370    i.nrf_bitmask_bit_set  nrfx_gpiote.o
    0x0002ac3e   0x0002ac3e   0x00000018   Code   RO         1680    i.nrf_ble_gatt_att_mtu_periph_set  nrf_ble_gatt.o
    0x0002ac56   0x0002ac56   0x00000022   Code   RO         1684    i.nrf_ble_gatt_init  nrf_ble_gatt.o
    0x0002ac78   0x0002ac78   0x00000150   Code   RO         1685    i.nrf_ble_gatt_on_ble_evt  nrf_ble_gatt.o
    0x0002adc8   0x0002adc8   0x00000016   Code   RO         1779    i.nrf_ble_qwr_conn_handle_assign  nrf_ble_qwr.o
    0x0002adde   0x0002adde   0x00000024   Code   RO         1780    i.nrf_ble_qwr_init  nrf_ble_qwr.o
    0x0002ae02   0x0002ae02   0x000000b6   Code   RO         1781    i.nrf_ble_qwr_on_ble_evt  nrf_ble_qwr.o
    0x0002aeb8   0x0002aeb8   0x00000024   Code   RO          457    i.nrf_cal_get_time  nrf_calendar.o
    0x0002aedc   0x0002aedc   0x00000064   Code   RO          458    i.nrf_cal_get_time_calibrated  nrf_calendar.o
    0x0002af40   0x0002af40   0x00000034   Code   RO          459    i.nrf_cal_get_time_string  nrf_calendar.o
    0x0002af74   0x0002af74   0x00000060   Code   RO          462    i.nrf_cal_set_time  nrf_calendar.o
    0x0002afd4   0x0002afd4   0x0000000e   Code   RO         2228    i.nrf_clock_event_check  nrfx_clock.o
    0x0002afe2   0x0002afe2   0x00000010   Code   RO         2229    i.nrf_clock_event_clear  nrfx_clock.o
    0x0002aff2   0x0002aff2   0x00000002   PAD
    0x0002aff4   0x0002aff4   0x00000038   Code   RO         1892    i.nrf_drv_clock_init  nrf_drv_clock.o
    0x0002b02c   0x0002b02c   0x00000030   Code   RO         1896    i.nrf_drv_clock_lfclk_release  nrf_drv_clock.o
    0x0002b05c   0x0002b05c   0x00000068   Code   RO         2036    i.nrf_drv_uart_init  nrf_drv_uart.o
    0x0002b0c4   0x0002b0c4   0x00000020   Code   RO         3493    i.nrf_drv_uart_rx   app_uart_fifo.o
    0x0002b0e4   0x0002b0e4   0x00000020   Code   RO         3494    i.nrf_drv_uart_tx   app_uart_fifo.o
    0x0002b104   0x0002b104   0x0000001a   Code   RO         4162    i.nrf_fprintf       nrf_fprintf.o
    0x0002b11e   0x0002b11e   0x00000018   Code   RO         4163    i.nrf_fprintf_buffer_flush  nrf_fprintf.o
    0x0002b136   0x0002b136   0x000001da   Code   RO         4203    i.nrf_fprintf_fmt   nrf_fprintf_format.o
    0x0002b310   0x0002b310   0x00000138   Code   RO         4939    i.nrf_fstorage_erase  nrf_fstorage.o
    0x0002b448   0x0002b448   0x00000094   Code   RO         4940    i.nrf_fstorage_init  nrf_fstorage.o
    0x0002b4dc   0x0002b4dc   0x00000018   Code   RO         5028    i.nrf_fstorage_sdh_req_handler  nrf_fstorage_sd.o
    0x0002b4f4   0x0002b4f4   0x00000020   Code   RO         5029    i.nrf_fstorage_sdh_state_handler  nrf_fstorage_sd.o
    0x0002b514   0x0002b514   0x000000a4   Code   RO         5030    i.nrf_fstorage_sys_evt_handler  nrf_fstorage_sd.o
    0x0002b5b8   0x0002b5b8   0x000001dc   Code   RO         4946    i.nrf_fstorage_write  nrf_fstorage.o
    0x0002b794   0x0002b794   0x00000024   Code   RO          753    i.nrf_gpio_cfg      boards.o
    0x0002b7b8   0x0002b7b8   0x00000024   Code   RO         2371    i.nrf_gpio_cfg      nrfx_gpiote.o
    0x0002b7dc   0x0002b7dc   0x00000024   Code   RO         2689    i.nrf_gpio_cfg      nrfx_uart.o
    0x0002b800   0x0002b800   0x00000024   Code   RO         2878    i.nrf_gpio_cfg      nrfx_uarte.o
    0x0002b824   0x0002b824   0x00000012   Code   RO         2690    i.nrf_gpio_cfg_default  nrfx_uart.o
    0x0002b836   0x0002b836   0x00000012   Code   RO         2879    i.nrf_gpio_cfg_default  nrfx_uarte.o
    0x0002b848   0x0002b848   0x00000012   Code   RO         2691    i.nrf_gpio_cfg_input  nrfx_uart.o
    0x0002b85a   0x0002b85a   0x00000012   Code   RO         2880    i.nrf_gpio_cfg_input  nrfx_uarte.o
    0x0002b86c   0x0002b86c   0x00000014   Code   RO         2692    i.nrf_gpio_cfg_output  nrfx_uart.o
    0x0002b880   0x0002b880   0x00000014   Code   RO         2881    i.nrf_gpio_cfg_output  nrfx_uarte.o
    0x0002b894   0x0002b894   0x00000022   Code   RO         2373    i.nrf_gpio_cfg_sense_set  nrfx_gpiote.o
    0x0002b8b6   0x0002b8b6   0x00000016   Code   RO          754    i.nrf_gpio_pin_write  boards.o
    0x0002b8cc   0x0002b8cc   0x00000028   Code   RO         2374    i.nrf_gpio_ports_read  nrfx_gpiote.o
    0x0002b8f4   0x0002b8f4   0x00000014   Code   RO         2375    i.nrf_gpiote_event_clear  nrfx_gpiote.o
    0x0002b908   0x0002b908   0x00000010   Code   RO         2376    i.nrf_gpiote_event_is_set  nrfx_gpiote.o
    0x0002b918   0x0002b918   0x0000005c   Code   RO         5284    i.nrf_log_backend_add  nrf_log_frontend.o
    0x0002b974   0x0002b974   0x00000002   Code   RO         5136    i.nrf_log_backend_rtt_flush  nrf_log_backend_rtt.o
    0x0002b976   0x0002b976   0x00000004   Code   RO         5137    i.nrf_log_backend_rtt_init  nrf_log_backend_rtt.o
    0x0002b97a   0x0002b97a   0x00000002   Code   RO         5138    i.nrf_log_backend_rtt_panic_set  nrf_log_backend_rtt.o
    0x0002b97c   0x0002b97c   0x00000018   Code   RO         5139    i.nrf_log_backend_rtt_put  nrf_log_backend_rtt.o
    0x0002b994   0x0002b994   0x000000c8   Code   RO         5205    i.nrf_log_backend_serial_put  nrf_log_backend_serial.o
    0x0002ba5c   0x0002ba5c   0x00000030   Code   RO         5286    i.nrf_log_color_id_get  nrf_log_frontend.o
    0x0002ba8c   0x0002ba8c   0x0000001c   Code   RO         5239    i.nrf_log_default_backends_init  nrf_log_default_backends.o
    0x0002baa8   0x0002baa8   0x00000234   Code   RO         5287    i.nrf_log_frontend_dequeue  nrf_log_frontend.o
    0x0002bcdc   0x0002bcdc   0x00000008   Code   RO         5289    i.nrf_log_frontend_std_0  nrf_log_frontend.o
    0x0002bce4   0x0002bce4   0x0000000e   Code   RO         5290    i.nrf_log_frontend_std_1  nrf_log_frontend.o
    0x0002bcf2   0x0002bcf2   0x00000010   Code   RO         5291    i.nrf_log_frontend_std_2  nrf_log_frontend.o
    0x0002bd02   0x0002bd02   0x00000012   Code   RO         5292    i.nrf_log_frontend_std_3  nrf_log_frontend.o
    0x0002bd14   0x0002bd14   0x0000001c   Code   RO         5294    i.nrf_log_frontend_std_5  nrf_log_frontend.o
    0x0002bd30   0x0002bd30   0x000000b0   Code   RO         5464    i.nrf_log_hexdump_entry_process  nrf_log_str_formatter.o
    0x0002bde0   0x0002bde0   0x0000003c   Code   RO         5296    i.nrf_log_init      nrf_log_frontend.o
    0x0002be1c   0x0002be1c   0x00000014   Code   RO         5297    i.nrf_log_module_cnt_get  nrf_log_frontend.o
    0x0002be30   0x0002be30   0x0000001c   Code   RO         5300    i.nrf_log_module_name_get  nrf_log_frontend.o
    0x0002be4c   0x0002be4c   0x0000002c   Code   RO         5301    i.nrf_log_panic     nrf_log_frontend.o
    0x0002be78   0x0002be78   0x000000b6   Code   RO         5465    i.nrf_log_std_entry_process  nrf_log_str_formatter.o
    0x0002bf2e   0x0002bf2e   0x00000060   Code   RO         4242    i.nrf_memobj_alloc  nrf_memobj.o
    0x0002bf8e   0x0002bf8e   0x00000032   Code   RO         4243    i.nrf_memobj_free   nrf_memobj.o
    0x0002bfc0   0x0002bfc0   0x00000008   Code   RO         4244    i.nrf_memobj_get    nrf_memobj.o
    0x0002bfc8   0x0002bfc8   0x00000004   Code   RO         4245    i.nrf_memobj_pool_init  nrf_memobj.o
    0x0002bfcc   0x0002bfcc   0x0000001e   Code   RO         4246    i.nrf_memobj_put    nrf_memobj.o
    0x0002bfea   0x0002bfea   0x00000010   Code   RO         4247    i.nrf_memobj_read   nrf_memobj.o
    0x0002bffa   0x0002bffa   0x00000010   Code   RO         4248    i.nrf_memobj_write  nrf_memobj.o
    0x0002c00a   0x0002c00a   0x00000002   PAD
    0x0002c00c   0x0002c00c   0x00000028   Code   RO         4320    i.nrf_pwr_mgmt_init  nrf_pwr_mgmt.o
    0x0002c034   0x0002c034   0x00000044   Code   RO         4321    i.nrf_pwr_mgmt_run  nrf_pwr_mgmt.o
    0x0002c078   0x0002c078   0x00000004   Code   RO           13    i.nrf_qwr_error_handler  main.o
    0x0002c07c   0x0002c07c   0x0000001c   Code   RO         4400    i.nrf_ringbuf_init  nrf_ringbuf.o
    0x0002c098   0x0002c098   0x0000000c   Code   RO         3662    i.nrf_rtc_event_clear  drv_rtc.o
    0x0002c0a4   0x0002c0a4   0x00000014   Code   RO         5900    i.nrf_sdh_ble_app_ram_start_get  nrf_sdh_ble.o
    0x0002c0b8   0x0002c0b8   0x00000130   Code   RO         5901    i.nrf_sdh_ble_default_cfg_set  nrf_sdh_ble.o
    0x0002c1e8   0x0002c1e8   0x00000130   Code   RO         5902    i.nrf_sdh_ble_enable  nrf_sdh_ble.o
    0x0002c318   0x0002c318   0x00000060   Code   RO         5903    i.nrf_sdh_ble_evts_poll  nrf_sdh_ble.o
    0x0002c378   0x0002c378   0x00000054   Code   RO         5777    i.nrf_sdh_disable_request  nrf_sdh.o
    0x0002c3cc   0x0002c3cc   0x00000074   Code   RO         5778    i.nrf_sdh_enable_request  nrf_sdh.o
    0x0002c440   0x0002c440   0x00000024   Code   RO         5779    i.nrf_sdh_evts_poll  nrf_sdh.o
    0x0002c464   0x0002c464   0x0000000c   Code   RO         5780    i.nrf_sdh_is_enabled  nrf_sdh.o
    0x0002c470   0x0002c470   0x0000001c   Code   RO         5782    i.nrf_sdh_request_continue  nrf_sdh.o
    0x0002c48c   0x0002c48c   0x0000003c   Code   RO         5954    i.nrf_sdh_soc_evts_poll  nrf_sdh_soc.o
    0x0002c4c8   0x0002c4c8   0x0000000a   Code   RO         4458    i.nrf_section_iter_init  nrf_section_iter.o
    0x0002c4d2   0x0002c4d2   0x00000024   Code   RO         4459    i.nrf_section_iter_item_set  nrf_section_iter.o
    0x0002c4f6   0x0002c4f6   0x00000020   Code   RO         4460    i.nrf_section_iter_next  nrf_section_iter.o
    0x0002c516   0x0002c516   0x00000022   Code   RO         4493    i.nrf_sortlist_add  nrf_sortlist.o
    0x0002c538   0x0002c538   0x00000006   Code   RO         4495    i.nrf_sortlist_peek  nrf_sortlist.o
    0x0002c53e   0x0002c53e   0x0000000e   Code   RO         4496    i.nrf_sortlist_pop  nrf_sortlist.o
    0x0002c54c   0x0002c54c   0x0000001e   Code   RO         4497    i.nrf_sortlist_remove  nrf_sortlist.o
    0x0002c56a   0x0002c56a   0x00000002   PAD
    0x0002c56c   0x0002c56c   0x00000038   Code   RO         4549    i.nrf_strerror_find  nrf_strerror.o
    0x0002c5a4   0x0002c5a4   0x00000014   Code   RO         4550    i.nrf_strerror_get  nrf_strerror.o
    0x0002c5b8   0x0002c5b8   0x0000000a   Code   RO         2693    i.nrf_uart_event_check  nrfx_uart.o
    0x0002c5c2   0x0002c5c2   0x0000000c   Code   RO         2694    i.nrf_uart_event_clear  nrfx_uart.o
    0x0002c5ce   0x0002c5ce   0x0000000c   Code   RO         2695    i.nrf_uart_int_enable_check  nrfx_uart.o
    0x0002c5da   0x0002c5da   0x0000000a   Code   RO         2882    i.nrf_uarte_event_check  nrfx_uarte.o
    0x0002c5e4   0x0002c5e4   0x0000000c   Code   RO         2883    i.nrf_uarte_event_clear  nrfx_uarte.o
    0x0002c5f0   0x0002c5f0   0x0000002c   Code   RO         2234    i.nrfx_clock_enable  nrfx_clock.o
    0x0002c61c   0x0002c61c   0x00000020   Code   RO         2237    i.nrfx_clock_init   nrfx_clock.o
    0x0002c63c   0x0002c63c   0x0000001c   Code   RO         2240    i.nrfx_clock_lfclk_stop  nrfx_clock.o
    0x0002c658   0x0002c658   0x00000010   Code   RO         3663    i.nrfx_coredep_delay_us  drv_rtc.o
    0x0002c668   0x0002c668   0x000000a4   Code   RO         2381    i.nrfx_gpiote_in_event_enable  nrfx_gpiote.o
    0x0002c70c   0x0002c70c   0x000000d0   Code   RO         2382    i.nrfx_gpiote_in_init  nrfx_gpiote.o
    0x0002c7dc   0x0002c7dc   0x00000014   Code   RO         2383    i.nrfx_gpiote_in_is_set  nrfx_gpiote.o
    0x0002c7f0   0x0002c7f0   0x0000006c   Code   RO         2385    i.nrfx_gpiote_init  nrfx_gpiote.o
    0x0002c85c   0x0002c85c   0x00000014   Code   RO         2386    i.nrfx_gpiote_is_init  nrfx_gpiote.o
    0x0002c870   0x0002c870   0x00000010   Code   RO         2884    i.nrfx_is_in_ram    nrfx_uarte.o
    0x0002c880   0x0002c880   0x0000003a   Code   RO         2635    i.nrfx_prs_acquire  nrfx_prs.o
    0x0002c8ba   0x0002c8ba   0x00000012   Code   RO         2636    i.nrfx_prs_release  nrfx_prs.o
    0x0002c8cc   0x0002c8cc   0x00000010   Code   RO         2696    i.nrfx_uart_0_irq_handler  nrfx_uart.o
    0x0002c8dc   0x0002c8dc   0x000000d0   Code   RO         2698    i.nrfx_uart_init    nrfx_uart.o
    0x0002c9ac   0x0002c9ac   0x000000ec   Code   RO         2699    i.nrfx_uart_rx      nrfx_uart.o
    0x0002ca98   0x0002ca98   0x000000a8   Code   RO         2704    i.nrfx_uart_tx      nrfx_uart.o
    0x0002cb40   0x0002cb40   0x00000020   Code   RO         2706    i.nrfx_uart_tx_in_progress  nrfx_uart.o
    0x0002cb60   0x0002cb60   0x000000b4   Code   RO         2707    i.nrfx_uart_uninit  nrfx_uart.o
    0x0002cc14   0x0002cc14   0x00000010   Code   RO         2885    i.nrfx_uarte_0_irq_handler  nrfx_uarte.o
    0x0002cc24   0x0002cc24   0x0000006c   Code   RO         2887    i.nrfx_uarte_init   nrfx_uarte.o
    0x0002cc90   0x0002cc90   0x00000104   Code   RO         2888    i.nrfx_uarte_rx     nrfx_uarte.o
    0x0002cd94   0x0002cd94   0x000000ac   Code   RO         2891    i.nrfx_uarte_tx     nrfx_uarte.o
    0x0002ce40   0x0002ce40   0x0000001c   Code   RO         2893    i.nrfx_uarte_tx_in_progress  nrfx_uarte.o
    0x0002ce5c   0x0002ce5c   0x000000e0   Code   RO         2894    i.nrfx_uarte_uninit  nrfx_uarte.o
    0x0002cf3c   0x0002cf3c   0x000000a4   Code   RO           14    i.nus_data_handler  main.o
    0x0002cfe0   0x0002cfe0   0x00000030   Code   RO           15    i.on_adv_evt        main.o
    0x0002d010   0x0002d010   0x0000001c   Code   RO           16    i.on_conn_params_evt  main.o
    0x0002d02c   0x0002d02c   0x0000006a   Code   RO         1826    i.on_connect        ble_nus.o
    0x0002d096   0x0002d096   0x00000002   PAD
    0x0002d098   0x0002d098   0x000000a8   Code   RO         1686    i.on_connected_evt  nrf_ble_gatt.o
    0x0002d140   0x0002d140   0x000000ac   Code   RO         1687    i.on_exchange_mtu_request_evt  nrf_ble_gatt.o
    0x0002d1ec   0x0002d1ec   0x00000084   Code   RO         1827    i.on_write          ble_nus.o
    0x0002d270   0x0002d270   0x00000024   Code   RO         4653    i.page_identify     fds.o
    0x0002d294   0x0002d294   0x0000001c   Code   RO         4654    i.page_offsets_update  fds.o
    0x0002d2b0   0x0002d2b0   0x0000006c   Code   RO         4655    i.page_scan         fds.o
    0x0002d31c   0x0002d31c   0x0000001c   Code   RO         4656    i.page_tag_write_data  fds.o
    0x0002d338   0x0002d338   0x00000024   Code   RO         4657    i.page_tag_write_swap  fds.o
    0x0002d35c   0x0002d35c   0x00000130   Code   RO         4658    i.pages_init        fds.o
    0x0002d48c   0x0002d48c   0x00000012   Code   RO         1242    i.phy_is_valid      ble_advertising.o
    0x0002d49e   0x0002d49e   0x00000002   PAD
    0x0002d4a0   0x0002d4a0   0x00000018   Code   RO         2402    i.pin_in_use_by_port  nrfx_gpiote.o
    0x0002d4b8   0x0002d4b8   0x00000018   Code   RO         2403    i.pin_in_use_by_te  nrfx_gpiote.o
    0x0002d4d0   0x0002d4d0   0x0000003c   Code   RO         5467    i.postfix_process   nrf_log_str_formatter.o
    0x0002d50c   0x0002d50c   0x00000098   Code   RO         5468    i.prefix_process    nrf_log_str_formatter.o
    0x0002d5a4   0x0002d5a4   0x00000018   Code   RO         2637    i.prs_box_get       nrfx_prs.o
    0x0002d5bc   0x0002d5bc   0x0000001c   Code   RO         4659    i.queue_buf_get     fds.o
    0x0002d5d8   0x0002d5d8   0x00000010   Code   RO         4660    i.queue_buf_store   fds.o
    0x0002d5e8   0x0002d5e8   0x00000014   Code   RO         5031    i.queue_free        nrf_fstorage_sd.o
    0x0002d5fc   0x0002d5fc   0x000000a4   Code   RO         4661    i.queue_process     fds.o
    0x0002d6a0   0x0002d6a0   0x000000a0   Code   RO         5032    i.queue_process     nrf_fstorage_sd.o
    0x0002d740   0x0002d740   0x0000001c   Code   RO         4662    i.queue_start       fds.o
    0x0002d75c   0x0002d75c   0x00000024   Code   RO         5033    i.queue_start       nrf_fstorage_sd.o
    0x0002d780   0x0002d780   0x0000000e   Code   RO         5034    i.read              nrf_fstorage_sd.o
    0x0002d78e   0x0002d78e   0x00000002   PAD
    0x0002d790   0x0002d790   0x00000090   Code   RO         4663    i.record_find       fds.o
    0x0002d820   0x0002d820   0x000000a0   Code   RO         4664    i.record_find_by_desc  fds.o
    0x0002d8c0   0x0002d8c0   0x0000005c   Code   RO         4665    i.record_find_next  fds.o
    0x0002d91c   0x0002d91c   0x0000003c   Code   RO         4666    i.record_header_flag_dirty  fds.o
    0x0002d958   0x0002d958   0x00000088   Code   RO         4667    i.records_stat      fds.o
    0x0002d9e0   0x0002d9e0   0x00000004   Code   RO         5035    i.rmap              nrf_fstorage_sd.o
    0x0002d9e4   0x0002d9e4   0x0000005c   Code   RO         3357    i.rtc_irq           app_timer2.o
    0x0002da40   0x0002da40   0x00000064   Code   RO         3358    i.rtc_schedule      app_timer2.o
    0x0002daa4   0x0002daa4   0x00000074   Code   RO         3359    i.rtc_update        app_timer2.o
    0x0002db18   0x0002db18   0x00000032   Code   RO         2708    i.rx_byte           nrfx_uart.o
    0x0002db4a   0x0002db4a   0x00000016   Code   RO         2709    i.rx_done_event     nrfx_uart.o
    0x0002db60   0x0002db60   0x00000016   Code   RO         2895    i.rx_done_event     nrfx_uarte.o
    0x0002db76   0x0002db76   0x00000020   Code   RO         2710    i.rx_enable         nrfx_uart.o
    0x0002db96   0x0002db96   0x00000002   PAD
    0x0002db98   0x0002db98   0x00000050   Code   RO         1899    i.sd_state_evt_handler  nrf_drv_clock.o
    0x0002dbe8   0x0002dbe8   0x00000030   Code   RO         5785    i.sdh_request_observer_notify  nrf_sdh.o
    0x0002dc18   0x0002dc18   0x0000002c   Code   RO         5786    i.sdh_state_observer_notify  nrf_sdh.o
    0x0002dc44   0x0002dc44   0x00000010   Code   RO         1342    i.send_error_evt    ble_conn_params.o
    0x0002dc54   0x0002dc54   0x00000050   Code   RO         5140    i.serial_tx         nrf_log_backend_rtt.o
    0x0002dca4   0x0002dca4   0x00000088   Code   RO         1132    i.service_data_encode  ble_advdata.o
    0x0002dd2c   0x0002dd2c   0x00000030   Code   RO         1621    i.set_security_req  ble_srv_common.o
    0x0002dd5c   0x0002dd5c   0x00000018   Code   RO         1900    i.soc_evt_handler   nrf_drv_clock.o
    0x0002dd74   0x0002dd74   0x00000038   Code   RO         5787    i.softdevice_evt_irq_disable  nrf_sdh.o
    0x0002ddac   0x0002ddac   0x00000058   Code   RO         5788    i.softdevices_evt_irq_enable  nrf_sdh.o
    0x0002de04   0x0002de04   0x0000000c   Code   RO         3360    i.sortlist_pop      app_timer2.o
    0x0002de10   0x0002de10   0x00000030   Code   RO         3044    i.state_set         app_button.o
    0x0002de40   0x0002de40   0x0000008c   Code   RO         5303    i.std_n             nrf_log_frontend.o
    0x0002decc   0x0002decc   0x00000058   Code   RO         3361    i.timer_expire      app_timer2.o
    0x0002df24   0x0002df24   0x00000078   Code   RO         3362    i.timer_req_process  app_timer2.o
    0x0002df9c   0x0002df9c   0x00000038   Code   RO         3363    i.timer_req_schedule  app_timer2.o
    0x0002dfd4   0x0002dfd4   0x00000018   Code   RO         3045    i.timer_start       app_button.o
    0x0002dfec   0x0002dfec   0x00000020   Code   RO         2711    i.tx_byte           nrfx_uart.o
    0x0002e00c   0x0002e00c   0x0000001a   Code   RO         2712    i.tx_done_event     nrfx_uart.o
    0x0002e026   0x0002e026   0x0000001a   Code   RO         2896    i.tx_done_event     nrfx_uarte.o
    0x0002e040   0x0002e040   0x00000078   Code   RO           18    i.uart_event_handle  main.o
    0x0002e0b8   0x0002e0b8   0x000000a4   Code   RO         3495    i.uart_event_handler  app_uart_fifo.o
    0x0002e15c   0x0002e15c   0x00000030   Code   RO         2037    i.uart_evt_handler  nrf_drv_uart.o
    0x0002e18c   0x0002e18c   0x00000048   Code   RO           19    i.uart_init         main.o
    0x0002e1d4   0x0002e1d4   0x0000012a   Code   RO         2713    i.uart_irq_handler  nrfx_uart.o
    0x0002e2fe   0x0002e2fe   0x00000002   PAD
    0x0002e300   0x0002e300   0x00000030   Code   RO         2038    i.uarte_evt_handler  nrf_drv_uart.o
    0x0002e330   0x0002e330   0x00000112   Code   RO         2897    i.uarte_irq_handler  nrfx_uarte.o
    0x0002e442   0x0002e442   0x0000000a   Code   RO         1133    i.uint16_encode     ble_advdata.o
    0x0002e44c   0x0002e44c   0x00000020   Code   RO         5036    i.uninit            nrf_fstorage_sd.o
    0x0002e46c   0x0002e46c   0x000000b4   Code   RO         4204    i.unsigned_print    nrf_fprintf_format.o
    0x0002e520   0x0002e520   0x00000068   Code   RO         1343    i.update_timeout_handler  ble_conn_params.o
    0x0002e588   0x0002e588   0x00000018   Code   RO         1243    i.use_whitelist     ble_advertising.o
    0x0002e5a0   0x0002e5a0   0x00000024   Code   RO         1782    i.user_mem_reply    nrf_ble_qwr.o
    0x0002e5c4   0x0002e5c4   0x00000020   Code   RO         3046    i.usr_event         app_button.o
    0x0002e5e4   0x0002e5e4   0x00000030   Code   RO         1134    i.uuid_list_encode  ble_advdata.o
    0x0002e614   0x0002e614   0x0000009e   Code   RO         1135    i.uuid_list_sized_encode  ble_advdata.o
    0x0002e6b2   0x0002e6b2   0x00000002   PAD
    0x0002e6b4   0x0002e6b4   0x00000018   Code   RO          679    i.wait_for_fds_ready  d_fds.o
    0x0002e6cc   0x0002e6cc   0x00000004   Code   RO         5037    i.wmap              nrf_fstorage_sd.o
    0x0002e6d0   0x0002e6d0   0x00000050   Code   RO         5038    i.write             nrf_fstorage_sd.o
    0x0002e720   0x0002e720   0x000000f4   Code   RO         4668    i.write_enqueue     fds.o
    0x0002e814   0x0002e814   0x000000f8   Code   RO         4669    i.write_execute     fds.o
    0x0002e90c   0x0002e90c   0x00000018   Code   RO         4670    i.write_space_free  fds.o
    0x0002e924   0x0002e924   0x00000060   Code   RO         4671    i.write_space_reserve  fds.o
    0x0002e984   0x0002e984   0x00000018   Data   RO           21    .constdata          main.o
    0x0002e99c   0x0002e99c   0x00000004   Data   RO          465    .constdata          nrf_calendar.o
    0x0002e9a0   0x0002e9a0   0x00000008   Data   RO          755    .constdata          boards.o
    0x0002e9a8   0x0002e9a8   0x0000002c   Data   RO          896    .constdata          bsp.o
    0x0002e9d4   0x0002e9d4   0x00000016   Data   RO         1688    .constdata          nrf_ble_gatt.o
    0x0002e9ea   0x0002e9ea   0x00000002   PAD
    0x0002e9ec   0x0002e9ec   0x00000010   Data   RO         1828    .constdata          ble_nus.o
    0x0002e9fc   0x0002e9fc   0x00000004   Data   RO         2405    .constdata          nrfx_gpiote.o
    0x0002ea00   0x0002ea00   0x00000004   Data   RO         2716    .constdata          nrfx_uart.o
    0x0002ea04   0x0002ea04   0x00000004   Data   RO         2900    .constdata          nrfx_uarte.o
    0x0002ea08   0x0002ea08   0x00000008   Data   RO         3049    .constdata          app_button.o
    0x0002ea10   0x0002ea10   0x00000014   Data   RO         3366    .constdata          app_timer2.o
    0x0002ea24   0x0002ea24   0x00000020   Data   RO         3497    .constdata          app_uart_fifo.o
    0x0002ea44   0x0002ea44   0x0000000c   PAD
    0x0002ea50   0x0002ea50   0x00000006   Data   RO         3664    .constdata          drv_rtc.o
    0x0002ea56   0x0002ea56   0x00000010   Data   RO         4205    .constdata          nrf_fprintf_format.o
    0x0002ea66   0x0002ea66   0x00000002   PAD
    0x0002ea68   0x0002ea68   0x00000018   Data   RO         4325    .constdata          nrf_pwr_mgmt.o
    0x0002ea80   0x0002ea80   0x0000000c   Data   RO         4326    .constdata          nrf_pwr_mgmt.o
    0x0002ea8c   0x0002ea8c   0x0000013c   Data   RO         4551    .constdata          nrf_strerror.o
    0x0002ebc8   0x0002ebc8   0x00000018   Data   RO         4674    .constdata          fds.o
    0x0002ebe0   0x0002ebe0   0x0000005e   Data   RO         4947    .constdata          nrf_fstorage.o
    0x0002ec3e   0x0002ec3e   0x00000002   PAD
    0x0002ec40   0x0002ec40   0x00000010   Data   RO         5041    .constdata          nrf_fstorage_sd.o
    0x0002ec50   0x0002ec50   0x00000020   Data   RO         5042    .constdata          nrf_fstorage_sd.o
    0x0002ec70   0x0002ec70   0x0000000c   Data   RO         5142    .constdata          nrf_log_backend_rtt.o
    0x0002ec7c   0x0002ec7c   0x00000004   PAD
    0x0002ec80   0x0002ec80   0x00000006   Data   RO         5143    .constdata          nrf_log_backend_rtt.o
    0x0002ec86   0x0002ec86   0x00000002   PAD
    0x0002ec88   0x0002ec88   0x0000000c   Data   RO         5308    .constdata          nrf_log_frontend.o
    0x0002ec94   0x0002ec94   0x00000010   Data   RO         5789    .constdata          nrf_sdh.o
    0x0002eca4   0x0002eca4   0x00000028   Data   RO         5790    .constdata          nrf_sdh.o
    0x0002eccc   0x0002eccc   0x00000010   Data   RO         5791    .constdata          nrf_sdh.o
    0x0002ecdc   0x0002ecdc   0x00000010   Data   RO         5792    .constdata          nrf_sdh.o
    0x0002ecec   0x0002ecec   0x00000020   Data   RO         5904    .constdata          nrf_sdh_ble.o
    0x0002ed0c   0x0002ed0c   0x00000010   Data   RO         5905    .constdata          nrf_sdh_ble.o
    0x0002ed1c   0x0002ed1c   0x00000010   Data   RO         5955    .constdata          nrf_sdh_soc.o
    0x0002ed2c   0x0002ed2c   0x0000000c   Data   RO         5956    .constdata          nrf_sdh_soc.o
    0x0002ed38   0x0002ed38   0x00000081   Data   RO         6037    .constdata          mc_w.l(ctype_o.o)
    0x0002edb9   0x0002edb9   0x00000003   PAD
    0x0002edbc   0x0002edbc   0x00000004   Data   RO         6038    .constdata          mc_w.l(ctype_o.o)
    0x0002edc0   0x0002edc0   0x0000000c   Data   RO         6069    .constdata          mc_w.l(mktime.o)
    0x0002edcc   0x0002edcc   0x00000056   Data   RO         6072    .constdata          mc_w.l(strftime.o)
    0x0002ee22   0x0002ee22   0x0000000c   Data   RO         6111    .constdata          mc_w.l(localtime_i.o)
    0x0002ee2e   0x0002ee2e   0x00000002   PAD
    0x0002ee30   0x0002ee30   0x000001c5   Data   RO          682    .conststring        d_fds.o
    0x0002eff5   0x0002eff5   0x00000003   PAD
    0x0002eff8   0x0002eff8   0x000000a2   Data   RO         1689    .conststring        nrf_ble_gatt.o
    0x0002f09a   0x0002f09a   0x00000002   PAD
    0x0002f09c   0x0002f09c   0x000003eb   Data   RO         4552    .conststring        nrf_strerror.o
    0x0002f487   0x0002f487   0x00000001   PAD
    0x0002f488   0x0002f488   0x0000004f   Data   RO         4948    .conststring        nrf_fstorage.o
    0x0002f4d7   0x0002f4d7   0x00000001   PAD
    0x0002f4d8   0x0002f4d8   0x00000066   Data   RO         5469    .conststring        nrf_log_str_formatter.o
    0x0002f53e   0x0002f53e   0x00000002   PAD
    0x0002f540   0x0002f540   0x000001cf   Data   RO         5906    .conststring        nrf_sdh_ble.o
    0x0002f70f   0x0002f70f   0x00000001   PAD
    0x0002f710   0x0002f710   0x0000000d   Data   RO         1690    .conststrlit        nrf_ble_gatt.o
    0x0002f71d   0x0002f71d   0x00000003   PAD
    0x0002f720   0x0002f720   0x00000008   Data   RO         1829    .conststrlit        ble_nus.o
    0x0002f728   0x0002f728   0x00000006   Data   RO         1906    .conststrlit        nrf_drv_clock.o
    0x0002f72e   0x0002f72e   0x00000002   PAD
    0x0002f730   0x0002f730   0x00000006   Data   RO         2244    .conststrlit        nrfx_clock.o
    0x0002f736   0x0002f736   0x00000002   PAD
    0x0002f738   0x0002f738   0x00000007   Data   RO         2409    .conststrlit        nrfx_gpiote.o
    0x0002f73f   0x0002f73f   0x00000001   PAD
    0x0002f740   0x0002f740   0x00000004   Data   RO         2639    .conststrlit        nrfx_prs.o
    0x0002f744   0x0002f744   0x00000005   Data   RO         2719    .conststrlit        nrfx_uart.o
    0x0002f749   0x0002f749   0x00000003   PAD
    0x0002f74c   0x0002f74c   0x00000006   Data   RO         2903    .conststrlit        nrfx_uarte.o
    0x0002f752   0x0002f752   0x00000002   PAD
    0x0002f754   0x0002f754   0x0000000b   Data   RO         3050    .conststrlit        app_button.o
    0x0002f75f   0x0002f75f   0x00000001   PAD
    0x0002f760   0x0002f760   0x0000000a   Data   RO         3367    .conststrlit        app_timer2.o
    0x0002f76a   0x0002f76a   0x00000002   PAD
    0x0002f76c   0x0002f76c   0x00000009   Data   RO         4327    .conststrlit        nrf_pwr_mgmt.o
    0x0002f775   0x0002f775   0x00000003   PAD
    0x0002f778   0x0002f778   0x00000009   Data   RO         4498    .conststrlit        nrf_sortlist.o
    0x0002f781   0x0002f781   0x00000003   PAD
    0x0002f784   0x0002f784   0x0000000d   Data   RO         4949    .conststrlit        nrf_fstorage.o
    0x0002f791   0x0002f791   0x00000003   PAD
    0x0002f794   0x0002f794   0x00000010   Data   RO         5240    .conststrlit        nrf_log_default_backends.o
    0x0002f7a4   0x0002f7a4   0x00000004   Data   RO         5309    .conststrlit        nrf_log_frontend.o
    0x0002f7a8   0x0002f7a8   0x00000008   Data   RO         5793    .conststrlit        nrf_sdh.o
    0x0002f7b0   0x0002f7b0   0x0000000c   Data   RO         5907    .conststrlit        nrf_sdh_ble.o
    0x0002f7bc   0x0002f7bc   0x0000000c   Data   RO         5957    .conststrlit        nrf_sdh_soc.o
    0x0002f7c8   0x0002f7c8   0x00000020   Data   RO         6115    Region$$Table       anon$$obj.o
    0x0002f7e8   0x0002f7e8   0x00000010   Data   RO         5242    log_backends        nrf_log_default_backends.o
    0x0002f7f8   0x0002f7f8   0x00000008   Data   RO         1691    log_const_data      nrf_ble_gatt.o
    0x0002f800   0x0002f800   0x00000008   Data   RO         1830    log_const_data      ble_nus.o
    0x0002f808   0x0002f808   0x00000008   Data   RO         1907    log_const_data      nrf_drv_clock.o
    0x0002f810   0x0002f810   0x00000008   Data   RO         2246    log_const_data      nrfx_clock.o
    0x0002f818   0x0002f818   0x00000008   Data   RO         2410    log_const_data      nrfx_gpiote.o
    0x0002f820   0x0002f820   0x00000008   Data   RO         2641    log_const_data      nrfx_prs.o
    0x0002f828   0x0002f828   0x00000008   Data   RO         2720    log_const_data      nrfx_uart.o
    0x0002f830   0x0002f830   0x00000008   Data   RO         2904    log_const_data      nrfx_uarte.o
    0x0002f838   0x0002f838   0x00000008   Data   RO         3052    log_const_data      app_button.o
    0x0002f840   0x0002f840   0x00000008   Data   RO         3370    log_const_data      app_timer2.o
    0x0002f848   0x0002f848   0x00000008   Data   RO         4329    log_const_data      nrf_pwr_mgmt.o
    0x0002f850   0x0002f850   0x00000008   Data   RO         4499    log_const_data      nrf_sortlist.o
    0x0002f858   0x0002f858   0x00000008   Data   RO         4950    log_const_data      nrf_fstorage.o
    0x0002f860   0x0002f860   0x00000008   Data   RO         5312    log_const_data      nrf_log_frontend.o
    0x0002f868   0x0002f868   0x00000008   Data   RO         5795    log_const_data      nrf_sdh.o
    0x0002f870   0x0002f870   0x00000008   Data   RO         5909    log_const_data      nrf_sdh_ble.o
    0x0002f878   0x0002f878   0x00000008   Data   RO         5958    log_const_data      nrf_sdh_soc.o
    0x0002f880   0x0002f880   0x00000014   Data   RO         5313    nrf_balloc          nrf_log_frontend.o
    0x0002f894   0x0002f894   0x00000008   Data   RO         1441    sdh_ble_observers0  ble_conn_state.o
    0x0002f89c   0x0002f89c   0x00000010   Data   RO           25    sdh_ble_observers1  main.o
    0x0002f8ac   0x0002f8ac   0x00000008   Data   RO          996    sdh_ble_observers1  bsp_btn_ble.o
    0x0002f8b4   0x0002f8b4   0x00000008   Data   RO         1346    sdh_ble_observers1  ble_conn_params.o
    0x0002f8bc   0x0002f8bc   0x00000010   Data   RO           26    sdh_ble_observers2  main.o
    0x0002f8cc   0x0002f8cc   0x00000008   Data   RO           27    sdh_ble_observers3  main.o
    0x0002f8d4   0x0002f8d4   0x00000008   Data   RO         5044    sdh_req_observers0  nrf_fstorage_sd.o
    0x0002f8dc   0x0002f8dc   0x00000008   Data   RO         1908    sdh_soc_observers0  nrf_drv_clock.o
    0x0002f8e4   0x0002f8e4   0x00000008   Data   RO         5045    sdh_soc_observers0  nrf_fstorage_sd.o
    0x0002f8ec   0x0002f8ec   0x00000008   Data   RO         5910    sdh_stack_observers0  nrf_sdh_ble.o
    0x0002f8f4   0x0002f8f4   0x00000008   Data   RO         5959    sdh_stack_observers0  nrf_sdh_soc.o
    0x0002f8fc   0x0002f8fc   0x00000008   Data   RO         1909    sdh_state_observers0  nrf_drv_clock.o
    0x0002f904   0x0002f904   0x00000008   Data   RO         5046    sdh_state_observers0  nrf_fstorage_sd.o


    Execution Region RW_IRAM1 (Exec base: 0x20002ad8, Load base: 0x0002f90c, Size: 0x000045d8, Max: 0x0000d528, ABSOLUTE, COMPRESSED[0x000000a0])

    Exec Addr    Load Addr    Size         Type   Attr      Idx    E Section Name        Object

    0x20002ad8   COMPRESSED   0x00000008   Data   RW           22    .data               main.o
    0x20002ae0   COMPRESSED   0x00000028   Data   RW           23    .data               main.o
    0x20002b08   COMPRESSED   0x00000004   Data   RW           24    .data               main.o
    0x20002b0c   COMPRESSED   0x00000024   Data   RW          466    .data               nrf_calendar.o
    0x20002b30   COMPRESSED   0x0000005c   Data   RW          683    .data               d_fds.o
    0x20002b8c   COMPRESSED   0x00000010   Data   RW          897    .data               bsp.o
    0x20002b9c   COMPRESSED   0x00000008   Data   RW          995    .data               bsp_btn_ble.o
    0x20002ba4   COMPRESSED   0x00000008   Data   RW         1345    .data               ble_conn_params.o
    0x20002bac   COMPRESSED   0x0000000c   Data   RW         2039    .data               nrf_drv_uart.o
    0x20002bb8   COMPRESSED   0x00000008   Data   RW         2245    .data               nrfx_clock.o
    0x20002bc0   COMPRESSED   0x00000008   Data   RW         2640    .data               nrfx_prs.o
    0x20002bc8   COMPRESSED   0x00000018   Data   RW         3051    .data               app_button.o
    0x20002be0   COMPRESSED   0x00000010   Data   RW         3302    .data               app_scheduler.o
    0x20002bf0   COMPRESSED   0x00000020   Data   RW         3368    .data               app_timer2.o
    0x20002c10   COMPRESSED   0x00000004   Data   RW         3369    .data               app_timer2.o
    0x20002c14   COMPRESSED   0x0000001c   Data   RW         3498    .data               app_uart_fifo.o
    0x20002c30   COMPRESSED   0x0000000c   Data   RW         3665    .data               drv_rtc.o
    0x20002c3c   COMPRESSED   0x00000008   Data   RW         4328    .data               nrf_pwr_mgmt.o
    0x20002c44   COMPRESSED   0x00000030   Data   RW         4675    .data               fds.o
    0x20002c74   COMPRESSED   0x00000008   Data   RW         5043    .data               nrf_fstorage_sd.o
    0x20002c7c   COMPRESSED   0x00000001   Data   RW         5144    .data               nrf_log_backend_rtt.o
    0x20002c7d   COMPRESSED   0x00000003   PAD
    0x20002c80   COMPRESSED   0x00000008   Data   RW         5241    .data               nrf_log_default_backends.o
    0x20002c88   COMPRESSED   0x00000008   Data   RW         5310    .data               nrf_log_frontend.o
    0x20002c90   COMPRESSED   0x00000008   Data   RW         5311    .data               nrf_log_frontend.o
    0x20002c98   COMPRESSED   0x00000040   Data   RW         5470    .data               nrf_log_str_formatter.o
    0x20002cd8   COMPRESSED   0x00000003   Data   RW         5794    .data               nrf_sdh.o
    0x20002cdb   COMPRESSED   0x00000001   Data   RW         5908    .data               nrf_sdh_ble.o
    0x20002cdc   COMPRESSED   0x00000004   Data   RW         5998    .data               system_nrf52.o
    0x20002ce0   COMPRESSED   0x00000014   Data   RW         4676    fs_data             fds.o
    0x20002cf4        -       0x00001310   Zero   RW           20    .bss                main.o
    0x20004004   COMPRESSED   0x00000004   PAD
    0x20004008        -       0x00000020   Zero   RW          463    .bss                nrf_calendar.o
    0x20004028        -       0x000003a8   Zero   RW          464    .bss                nrf_calendar.o
    0x200043d0        -       0x00000020   Zero   RW          892    .bss                bsp.o
    0x200043f0        -       0x00000020   Zero   RW          893    .bss                bsp.o
    0x20004410        -       0x0000000c   Zero   RW          894    .bss                bsp.o
    0x2000441c   COMPRESSED   0x00000004   PAD
    0x20004420        -       0x00000020   Zero   RW          895    .bss                bsp.o
    0x20004440        -       0x00000050   Zero   RW         1344    .bss                ble_conn_params.o
    0x20004490        -       0x0000007c   Zero   RW         1440    .bss                ble_conn_state.o
    0x2000450c        -       0x00000014   Zero   RW         1901    .bss                nrf_drv_clock.o
    0x20004520        -       0x0000005c   Zero   RW         2404    .bss                nrfx_gpiote.o
    0x2000457c        -       0x0000002c   Zero   RW         2714    .bss                nrfx_uart.o
    0x200045a8        -       0x00000024   Zero   RW         2898    .bss                nrfx_uarte.o
    0x200045cc   COMPRESSED   0x00000004   PAD
    0x200045d0        -       0x00000020   Zero   RW         3047    .bss                app_button.o
    0x200045f0        -       0x00000010   Zero   RW         3048    .bss                app_button.o
    0x20004600        -       0x00000010   Zero   RW         3364    .bss                app_timer2.o
    0x20004610        -       0x00000058   Zero   RW         3365    .bss                app_timer2.o
    0x20004668        -       0x00000020   Zero   RW         3496    .bss                app_uart_fifo.o
    0x20004688        -       0x0000000c   Zero   RW         3580    .bss                app_util_platform.o
    0x20004694        -       0x0000000c   Zero   RW         4324    .bss                nrf_pwr_mgmt.o
    0x200046a0        -       0x00000010   Zero   RW         4672    .bss                fds.o
    0x200046b0        -       0x000000e0   Zero   RW         4673    .bss                fds.o
    0x20004790        -       0x00000010   Zero   RW         5039    .bss                nrf_fstorage_sd.o
    0x200047a0        -       0x000000a0   Zero   RW         5040    .bss                nrf_fstorage_sd.o
    0x20004840        -       0x00000040   Zero   RW         5141    .bss                nrf_log_backend_rtt.o
    0x20004880        -       0x000000c0   Zero   RW         5304    .bss                nrf_log_frontend.o
    0x20004940        -       0x00000080   Zero   RW         5305    .bss                nrf_log_frontend.o
    0x200049c0        -       0x00000018   Zero   RW         5306    .bss                nrf_log_frontend.o
    0x200049d8        -       0x00000424   Zero   RW         5307    .bss                nrf_log_frontend.o
    0x20004dfc        -       0x00000288   Zero   RW         5546    .bss                segger_rtt.o
    0x20005084        -       0x0000002c   Zero   RW         6108    .bss                mc_w.l(localtime_w.o)
    0x200050b0        -       0x00002000   Zero   RW         5986    STACK               arm_startup_nrf52.o


==============================================================================

Image component sizes


      Code (inc. data)   RO Data    RW Data    ZI Data      Debug   Object Name

       664         66         27         24         48      17702   app_button.o
        22          0          0          0          0       2445   app_error.o
       132         46          0          0          0      30621   app_error_weak.o
       118          0          0          0          0       4970   app_fifo.o
       268         16          0         16          0      41829   app_scheduler.o
       846         88         38         36        104      16541   app_timer2.o
       568         70         32         28         32      23771   app_uart_fifo.o
       124         14          0          0         12       9646   app_util_platform.o
        36          8        512          0       8192        924   arm_startup_nrf52.o
      1332          0          0          0          0      60392   ble_advdata.o
      1076          6          0          0          0      17927   ble_advertising.o
       636         44          8          8         80      12591   ble_conn_params.o
       390         10          8          0        124       7655   ble_conn_state.o
        72          0          0          0          0       2800   ble_link_ctx_manager.o
       664          6         32          0          0       8860   ble_nus.o
       456          6          0          0          0       3347   ble_srv_common.o
       346         34          8          0          0      48241   boards.o
       934         84         44         16        108      13884   bsp.o
       222         10          8          8          0      49459   bsp_btn_ble.o
       744        378        453         92          0       4490   d_fds.o
       696         76          6         12          0      46441   drv_rtc.o
      3578        326         24         68        240      45202   fds.o
      1804        376         64         52       4880     135648   main.o
       342          0          0          0          0       6670   nrf_atfifo.o
        64          0          0          0          0       2940   nrf_atflags.o
       332          0          0          0          0      10074   nrf_atomic.o
       164          0          0          0          0       3608   nrf_balloc.o
       950        272        205          0          0      37949   nrf_ble_gatt.o
       276          0          0          0          0       6173   nrf_ble_qwr.o
      1572        444          4         36        968     101452   nrf_calendar.o
       276         34         30          0         20      41532   nrf_drv_clock.o
       200         26          0         12          0      17772   nrf_drv_uart.o
        50          0          0          0          0       3509   nrf_fprintf.o
       866          4         16          0          0       6530   nrf_fprintf_format.o
       972        432        194          0          0       7980   nrf_fstorage.o
       798         82         72          8        176      15915   nrf_fstorage_sd.o
       112         18         18          1         64       6081   nrf_log_backend_rtt.o
       200          0          0          0          0      10837   nrf_log_backend_serial.o
        28          4         32          8          0       3325   nrf_log_default_backends.o
      1520        114         44         16       1404      31312   nrf_log_frontend.o
       570        108        102         64          0       5628   nrf_log_str_formatter.o
       346          0          0          0          0       9527   nrf_memobj.o
       108         16         53          8         12      37754   nrf_pwr_mgmt.o
        28          0          0          0          0       2351   nrf_ringbuf.o
       584         66        104          3          0      42524   nrf_sdh.o
       724        232        539          1          0       5893   nrf_sdh_ble.o
        60          4         56          0          0       2456   nrf_sdh_soc.o
        78          0          0          0          0       2756   nrf_section_iter.o
        84          0         17          0          0       4081   nrf_sortlist.o
        76         10       1319          0          0       2723   nrf_strerror.o
       222         30         14          8          0      43538   nrfx_clock.o
      1222         92         19          0         92      59483   nrfx_gpiote.o
       112         16         12          8          0       4464   nrfx_prs.o
      1562         48         17          0         44      32424   nrfx_uart.o
      1528         46         18          0         36      27411   nrfx_uarte.o
       378         34          0          0        648       8953   segger_rtt.o
       796         70          0          4          0       2943   system_nrf52.o

    ----------------------------------------------------------------------
     32978       3866       4240        540      17296    1213954   Object Totals
         0          0         32          0          0          0   (incl. Generated)
        50          0         59          3         12          0   (incl. Padding)

    ----------------------------------------------------------------------

      Code (inc. data)   RO Data    RW Data    ZI Data      Debug   Library Member Name

        86          0          0          0          0          0   __dczerorl2.o
         8          4        133          0          0         68   ctype_o.o
         0          0          0          0          0          0   entry.o
         0          0          0          0          0          0   entry10a.o
         0          0          0          0          0          0   entry11a.o
         8          4          0          0          0          0   entry2.o
         4          0          0          0          0          0   entry5.o
         0          0          0          0          0          0   entry7b.o
         0          0          0          0          0          0   entry8b.o
         8          4          0          0          0          0   entry9a.o
        30          0          0          0          0          0   handlers.o
        36          8          0          0          0         68   init.o
        30          0          0          0          0         68   llshl.o
        32          0          0          0          0         68   llushr.o
       140          6         12          0          0         76   localtime_i.o
        12          6          0          0         44         68   localtime_w.o
        36          0          0          0          0         68   memcpya.o
        36          0          0          0          0        108   memseta.o
       168         18         12          0          0         80   mktime.o
        18          0          0          0          0         68   strcpy.o
       916        264         86          0          0        144   strftime.o
        14          0          0          0          0         68   strlen.o
        30          0          0          0          0         80   strncmp.o
        98          0          0          0          0         92   uldiv.o

    ----------------------------------------------------------------------
      1714        314        248          0         44       1124   Library Totals
         4          0          5          0          0          0   (incl. Padding)

    ----------------------------------------------------------------------

      Code (inc. data)   RO Data    RW Data    ZI Data      Debug   Library Name

      1710        314        243          0         44       1124   mc_w.l

    ----------------------------------------------------------------------
      1714        314        248          0         44       1124   Library Totals

    ----------------------------------------------------------------------

==============================================================================


      Code (inc. data)   RO Data    RW Data    ZI Data      Debug   

     34692       4180       4488        540      17340    1175094   Grand Totals
     34692       4180       4488        160      17340    1175094   ELF Image Totals (compressed)
     34692       4180       4488        160          0          0   ROM Totals

==============================================================================

    Total RO  Size (Code + RO Data)                39180 (  38.26kB)
    Total RW  Size (RW Data + ZI Data)             17880 (  17.46kB)
    Total ROM Size (Code + RO Data + RW Data)      39340 (  38.42kB)

==============================================================================

